Archive member included to satisfy reference by file (symbol)

/usr/local/gcc-arm-none-eabi-5_2-2015q4/bin/../lib/gcc/arm-none-eabi/5.2.1/../../../../arm-none-eabi/lib/armv6-m/libc_nano.a(lib_a-exit.o)
                              /usr/local/gcc-arm-none-eabi-5_2-2015q4/bin/../lib/gcc/arm-none-eabi/5.2.1/../../../../arm-none-eabi/lib/armv6-m/crt0.o (exit)
/usr/local/gcc-arm-none-eabi-5_2-2015q4/bin/../lib/gcc/arm-none-eabi/5.2.1/../../../../arm-none-eabi/lib/armv6-m/libc_nano.a(lib_a-impure.o)
                              /usr/local/gcc-arm-none-eabi-5_2-2015q4/bin/../lib/gcc/arm-none-eabi/5.2.1/../../../../arm-none-eabi/lib/armv6-m/libc_nano.a(lib_a-exit.o) (_global_impure_ptr)
/usr/local/gcc-arm-none-eabi-5_2-2015q4/bin/../lib/gcc/arm-none-eabi/5.2.1/../../../../arm-none-eabi/lib/armv6-m/libc_nano.a(lib_a-init.o)
                              /usr/local/gcc-arm-none-eabi-5_2-2015q4/bin/../lib/gcc/arm-none-eabi/5.2.1/../../../../arm-none-eabi/lib/armv6-m/crt0.o (__libc_init_array)
/usr/local/gcc-arm-none-eabi-5_2-2015q4/bin/../lib/gcc/arm-none-eabi/5.2.1/../../../../arm-none-eabi/lib/armv6-m/libc_nano.a(lib_a-memset.o)
                              /usr/local/gcc-arm-none-eabi-5_2-2015q4/bin/../lib/gcc/arm-none-eabi/5.2.1/../../../../arm-none-eabi/lib/armv6-m/crt0.o (memset)
/usr/local/gcc-arm-none-eabi-5_2-2015q4/bin/../lib/gcc/arm-none-eabi/5.2.1/../../../../arm-none-eabi/lib/armv6-m/libnosys.a(_exit.o)
                              /usr/local/gcc-arm-none-eabi-5_2-2015q4/bin/../lib/gcc/arm-none-eabi/5.2.1/../../../../arm-none-eabi/lib/armv6-m/libc_nano.a(lib_a-exit.o) (_exit)
/usr/local/gcc-arm-none-eabi-5_2-2015q4/bin/../lib/gcc/arm-none-eabi/5.2.1/armv6-m/libgcc.a(_udivsi3.o)
                              _build/pstorage.o (__aeabi_uidiv)
/usr/local/gcc-arm-none-eabi-5_2-2015q4/bin/../lib/gcc/arm-none-eabi/5.2.1/armv6-m/libgcc.a(_divsi3.o)
                              _build/pstorage.o (__aeabi_idiv)
/usr/local/gcc-arm-none-eabi-5_2-2015q4/bin/../lib/gcc/arm-none-eabi/5.2.1/armv6-m/libgcc.a(_dvmd_tls.o)
                              /usr/local/gcc-arm-none-eabi-5_2-2015q4/bin/../lib/gcc/arm-none-eabi/5.2.1/armv6-m/libgcc.a(_udivsi3.o) (__aeabi_idiv0)
/usr/local/gcc-arm-none-eabi-5_2-2015q4/bin/../lib/gcc/arm-none-eabi/5.2.1/../../../../arm-none-eabi/lib/armv6-m/libc_nano.a(lib_a-memcmp.o)
                              _build/device_manager_peripheral.o (memcmp)
/usr/local/gcc-arm-none-eabi-5_2-2015q4/bin/../lib/gcc/arm-none-eabi/5.2.1/../../../../arm-none-eabi/lib/armv6-m/libc_nano.a(lib_a-memcpy-stub.o)
                              _build/SEGGER_RTT.o (memcpy)
/usr/local/gcc-arm-none-eabi-5_2-2015q4/bin/../lib/gcc/arm-none-eabi/5.2.1/../../../../arm-none-eabi/lib/armv6-m/libc_nano.a(lib_a-strcpy.o)
                              _build/SEGGER_RTT.o (strcpy)
/usr/local/gcc-arm-none-eabi-5_2-2015q4/bin/../lib/gcc/arm-none-eabi/5.2.1/../../../../arm-none-eabi/lib/armv6-m/libc_nano.a(lib_a-strlen.o)
                              _build/SEGGER_RTT.o (strlen)
/usr/local/gcc-arm-none-eabi-5_2-2015q4/bin/../lib/gcc/arm-none-eabi/5.2.1/../../../../arm-none-eabi/lib/armv6-m/libc_nano.a(lib_a-vprintf.o)
                              _build/nrf_log.o (vprintf)
/usr/local/gcc-arm-none-eabi-5_2-2015q4/bin/../lib/gcc/arm-none-eabi/5.2.1/../../../../arm-none-eabi/lib/armv6-m/libc_nano.a(lib_a-findfp.o)
                              /usr/local/gcc-arm-none-eabi-5_2-2015q4/bin/../lib/gcc/arm-none-eabi/5.2.1/../../../../arm-none-eabi/lib/armv6-m/libc_nano.a(lib_a-vprintf.o) (__sinit)
/usr/local/gcc-arm-none-eabi-5_2-2015q4/bin/../lib/gcc/arm-none-eabi/5.2.1/../../../../arm-none-eabi/lib/armv6-m/libc_nano.a(lib_a-fwalk.o)
                              /usr/local/gcc-arm-none-eabi-5_2-2015q4/bin/../lib/gcc/arm-none-eabi/5.2.1/../../../../arm-none-eabi/lib/armv6-m/libc_nano.a(lib_a-findfp.o) (_fwalk)
/usr/local/gcc-arm-none-eabi-5_2-2015q4/bin/../lib/gcc/arm-none-eabi/5.2.1/../../../../arm-none-eabi/lib/armv6-m/libc_nano.a(lib_a-nano-mallocr.o)
                              /usr/local/gcc-arm-none-eabi-5_2-2015q4/bin/../lib/gcc/arm-none-eabi/5.2.1/../../../../arm-none-eabi/lib/armv6-m/libc_nano.a(lib_a-findfp.o) (_malloc_r)
/usr/local/gcc-arm-none-eabi-5_2-2015q4/bin/../lib/gcc/arm-none-eabi/5.2.1/../../../../arm-none-eabi/lib/armv6-m/libc_nano.a(lib_a-nano-vfprintf.o)
                              /usr/local/gcc-arm-none-eabi-5_2-2015q4/bin/../lib/gcc/arm-none-eabi/5.2.1/../../../../arm-none-eabi/lib/armv6-m/libc_nano.a(lib_a-vprintf.o) (_vfprintf_r)
/usr/local/gcc-arm-none-eabi-5_2-2015q4/bin/../lib/gcc/arm-none-eabi/5.2.1/../../../../arm-none-eabi/lib/armv6-m/libc_nano.a(lib_a-nano-vfprintf_i.o)
                              /usr/local/gcc-arm-none-eabi-5_2-2015q4/bin/../lib/gcc/arm-none-eabi/5.2.1/../../../../arm-none-eabi/lib/armv6-m/libc_nano.a(lib_a-nano-vfprintf.o) (_printf_i)
[...]
Memory Configuration

Name             Origin             Length             Attributes
FLASH            0x000000000001b000 0x0000000000025000 xr
RAM              0x0000000020002080 0x0000000000005f80 xrw
*default*        0x0000000000000000 0xffffffffffffffff

Linker script and memory map


.text           0x000000000001b000     0xa728
 *(.isr_vector)
 .isr_vector    0x000000000001b000       0xc0 _build/gcc_startup_nrf51.o
                0x000000000001b000                __isr_vector
 *(.text*)
 .text          0x000000000001b0c0       0xb4 /usr/local/gcc-arm-none-eabi-5_2-2015q4/bin/../lib/gcc/arm-none-eabi/5.2.1/armv6-m/crtbegin.o
 .text          0x000000000001b174       0x78 /usr/local/gcc-arm-none-eabi-5_2-2015q4/bin/../lib/gcc/arm-none-eabi/5.2.1/../../../../arm-none-eabi/lib/armv6-m/crt0.o
                0x000000000001b174                _mainCRTStartup
                0x000000000001b174                _start
 .text.exit     0x000000000001b1ec       0x2c /usr/local/gcc-arm-none-eabi-5_2-2015q4/bin/../lib/gcc/arm-none-eabi/5.2.1/../../../../arm-none-eabi/lib/armv6-m/libc_nano.a(lib_a-exit.o)
                0x000000000001b1ec                exit
 .text.__libc_init_array
                0x000000000001b218       0x4c /usr/local/gcc-arm-none-eabi-5_2-2015q4/bin/../lib/gcc/arm-none-eabi/5.2.1/../../../../arm-none-eabi/lib/armv6-m/libc_nano.a(lib_a-init.o)
                0x000000000001b218                __libc_init_array
 .text.memset   0x000000000001b264       0x10 /usr/local/gcc-arm-none-eabi-5_2-2015q4/bin/../lib/gcc/arm-none-eabi/5.2.1/../../../../arm-none-eabi/lib/armv6-m/libc_nano.a(lib_a-memset.o)
                0x000000000001b264                memset
 .text._exit    0x000000000001b274        0x4 /usr/local/gcc-arm-none-eabi-5_2-2015q4/bin/../lib/gcc/arm-none-eabi/5.2.1/../../../../arm-none-eabi/lib/armv6-m/libnosys.a(_exit.o)
                0x000000000001b274                _exit
 .text.detection_delay_timeout_handler
                0x000000000001b278       0xe4 _build/app_button.o
 .text.gpiote_event_handler
                0x000000000001b35c       0xa4 _build/app_button.o
 .text.app_button_init
                0x000000000001b400      0x104 _build/app_button.o
                0x000000000001b400                app_button_init
 .text.app_button_enable
                0x000000000001b504       0x44 _build/app_button.o
                0x000000000001b504                app_button_enable
 .text.app_error_handler_bare
                0x000000000001b548       0x3c _build/app_error.o
                0x000000000001b548                app_error_handler_bare
 .text.NVIC_SystemReset
                0x000000000001b584       0x20 _build/app_error_weak.o
 .text.app_error_fault_handler
                0x000000000001b5a4       0x18 _build/app_error_weak.o
                0x000000000001b5a4                app_error_fault_handler
 .text.NVIC_EnableIRQ
                0x000000000001b5bc       0x2c _build/app_timer.o
 .text.NVIC_DisableIRQ
                0x000000000001b5e8       0x30 _build/app_timer.o
 .text.NVIC_SetPendingIRQ
                0x000000000001b618       0x30 _build/app_timer.o
 .text.NVIC_ClearPendingIRQ
                0x000000000001b648       0x30 _build/app_timer.o
 .text.NVIC_SetPriority
                0x000000000001b678       0xdc _build/app_timer.o
 .text.NVIC_GetPriority
                0x000000000001b754       0x7c _build/app_timer.o
 .text.is_word_aligned
                0x000000000001b7d0       0x1c _build/app_timer.o
 .text.current_int_priority_get
                0x000000000001b7ec       0x3c _build/app_timer.o
 .text.rtc1_init
                0x000000000001b828       0x28 _build/app_timer.o
 .text.rtc1_start
                0x000000000001b850       0x6c _build/app_timer.o
 .text.rtc1_stop
                0x000000000001b8bc       0x98 _build/app_timer.o
 .text.rtc1_counter_get
                0x000000000001b954       0x18 _build/app_timer.o
 .text.ticks_diff_get
                0x000000000001b96c       0x1c _build/app_timer.o
 .text.rtc1_compare0_set
                0x000000000001b988       0x20 _build/app_timer.o
 .text.timer_list_insert
                0x000000000001b9a8       0xb0 _build/app_timer.o
 .text.timer_list_remove
                0x000000000001ba58       0xa4 _build/app_timer.o
 .text.timer_timeouts_check_sched
                0x000000000001bafc       0x10 _build/app_timer.o
 .text.timer_list_handler_sched
                0x000000000001bb0c       0x10 _build/app_timer.o
 .text.timeout_handler_exec
                0x000000000001bb1c       0x50 _build/app_timer.o
 .text.timer_timeouts_check
                0x000000000001bb6c       0xcc _build/app_timer.o
 .text.elapsed_ticks_acquire
                0x000000000001bc38       0x7c _build/app_timer.o
 .text.list_deletions_handler
                0x000000000001bcb4       0xec _build/app_timer.o
 .text.expired_timers_handler
                0x000000000001bda0       0x98 _build/app_timer.o
 .text.list_insertions_handler
                0x000000000001be38      0x194 _build/app_timer.o
 .text.compare_reg_update
                0x000000000001bfcc       0xe4 _build/app_timer.o
 .text.timer_list_handler
                0x000000000001c0b0       0x90 _build/app_timer.o
 .text.user_op_enque
                0x000000000001c140       0x20 _build/app_timer.o
 .text.user_op_alloc
                0x000000000001c160       0x68 _build/app_timer.o
 .text.timer_start_op_schedule
                0x000000000001c1c8       0x84 _build/app_timer.o
 .text.timer_stop_op_schedule
                0x000000000001c24c       0x64 _build/app_timer.o
 .text.RTC1_IRQHandler
                0x000000000001c2b0       0x50 _build/app_timer.o
                0x000000000001c2b0                RTC1_IRQHandler
 .text.SWI0_IRQHandler
                0x000000000001c300       0x10 _build/app_timer.o
                0x000000000001c300                SWI0_IRQHandler
 .text.app_timer_init
                0x000000000001c310      0x108 _build/app_timer.o
                0x000000000001c310                app_timer_init
 .text.app_timer_create
                0x000000000001c418       0x6c _build/app_timer.o
                0x000000000001c418                app_timer_create
 .text.user_id_get
                0x000000000001c484       0x34 _build/app_timer.o
 .text.app_timer_start
                0x000000000001c4b8       0x74 _build/app_timer.o
                0x000000000001c4b8                app_timer_start
 .text.app_timer_stop
                0x000000000001c52c       0x50 _build/app_timer.o
                0x000000000001c52c                app_timer_stop
 .text.fs_queued_op_count_get
                0x000000000001c57c       0x28 _build/fstorage.o
                0x000000000001c57c                fs_queued_op_count_get
 .text.NVIC_EnableIRQ
                0x000000000001c5a4       0x2c _build/nrf_drv_common.o
 .text.NVIC_ClearPendingIRQ
                0x000000000001c5d0       0x30 _build/nrf_drv_common.o
 .text.NVIC_SetPriority
                0x000000000001c600       0xdc _build/nrf_drv_common.o
 .text.nrf_drv_common_irq_enable
                0x000000000001c6dc       0x44 _build/nrf_drv_common.o
                0x000000000001c6dc                nrf_drv_common_irq_enable
 .text.nrf_gpiote_event_is_set
                0x000000000001c720       0x2c _build/nrf_drv_gpiote.o
 .text.nrf_gpiote_event_clear
                0x000000000001c74c       0x24 _build/nrf_drv_gpiote.o
 .text.nrf_gpiote_event_addr_get
                0x000000000001c770       0x24 _build/nrf_drv_gpiote.o
 .text.nrf_gpiote_int_enable
                0x000000000001c794       0x20 _build/nrf_drv_gpiote.o
 .text.nrf_gpiote_int_is_enabled
                0x000000000001c7b4       0x20 _build/nrf_drv_gpiote.o
 .text.nrf_gpiote_event_enable
                0x000000000001c7d4       0x30 _build/nrf_drv_gpiote.o
 .text.nrf_gpiote_event_configure
                0x000000000001c804       0x70 _build/nrf_drv_gpiote.o
 .text.nrf_gpiote_event_pin_get
                0x000000000001c874       0x28 _build/nrf_drv_gpiote.o
 .text.nrf_gpiote_event_polarity_get
                0x000000000001c89c       0x2c _build/nrf_drv_gpiote.o
 .text.nrf_gpio_cfg
                0x000000000001c8c8       0x60 _build/nrf_drv_gpiote.o
 .text.nrf_gpio_cfg_input
                0x000000000001c928       0x30 _build/nrf_drv_gpiote.o
 .text.nrf_gpio_cfg_watcher
                0x000000000001c958       0x34 _build/nrf_drv_gpiote.o
 .text.nrf_gpio_cfg_sense_set
                0x000000000001c98c       0x60 _build/nrf_drv_gpiote.o
 .text.nrf_gpio_pin_read
                0x000000000001c9ec       0x24 _build/nrf_drv_gpiote.o
 .text.nrf_gpio_pins_read
                0x000000000001ca10       0x14 _build/nrf_drv_gpiote.o
 .text.nrf_gpio_pin_sense_get
                0x000000000001ca24       0x28 _build/nrf_drv_gpiote.o
 .text.pin_in_use_by_te
                0x000000000001ca4c       0x48 _build/nrf_drv_gpiote.o
 .text.pin_in_use_by_port
                0x000000000001ca94       0x30 _build/nrf_drv_gpiote.o
 .text.pin_in_use_by_gpiote
                0x000000000001cac4       0x28 _build/nrf_drv_gpiote.o
 .text.pin_in_use_by_te_set
                0x000000000001caec       0x5c _build/nrf_drv_gpiote.o
 .text.pin_in_use_clear
                0x000000000001cb48       0x24 _build/nrf_drv_gpiote.o
 .text.channel_port_get
                0x000000000001cb6c       0x24 _build/nrf_drv_gpiote.o
 .text.channel_handler_get
                0x000000000001cb90       0x1c _build/nrf_drv_gpiote.o
 .text.channel_port_alloc
                0x000000000001cbac       0x84 _build/nrf_drv_gpiote.o
 .text.channel_free
                0x000000000001cc30       0x40 _build/nrf_drv_gpiote.o
 .text.nrf_drv_gpiote_init
                0x000000000001cc70       0x84 _build/nrf_drv_gpiote.o
                0x000000000001cc70                nrf_drv_gpiote_init
 .text.nrf_drv_gpiote_is_init
                0x000000000001ccf4       0x1c _build/nrf_drv_gpiote.o
                0x000000000001ccf4                nrf_drv_gpiote_is_init
 .text.nrf_drv_gpiote_in_init
                0x000000000001cd10       0xcc _build/nrf_drv_gpiote.o
                0x000000000001cd10                nrf_drv_gpiote_in_init
 .text.nrf_drv_gpiote_in_event_enable
                0x000000000001cddc      0x110 _build/nrf_drv_gpiote.o
                0x000000000001cddc                nrf_drv_gpiote_in_event_enable
 .text.nrf_drv_gpiote_in_is_set
                0x000000000001ceec       0x20 _build/nrf_drv_gpiote.o
                0x000000000001ceec                nrf_drv_gpiote_in_is_set
 .text.GPIOTE_IRQHandler
                0x000000000001cf0c      0x290 _build/nrf_drv_gpiote.o
                0x000000000001cf0c                GPIOTE_IRQHandler
 .text.nrf_uart_event_clear
                0x000000000001d19c       0x24 _build/nrf_drv_uart.o
 .text.nrf_uart_event_check
                0x000000000001d1c0       0x28 _build/nrf_drv_uart.o
 .text.nrf_uart_int_enable_check
                0x000000000001d1e8       0x24 _build/nrf_drv_uart.o
 .text.nrf_uart_int_disable
                0x000000000001d20c       0x1c _build/nrf_drv_uart.o
 .text.nrf_uart_errorsrc_get_and_clear
                0x000000000001d228       0x28 _build/nrf_drv_uart.o
 .text.nrf_uart_rxd_get
                0x000000000001d250       0x1c _build/nrf_drv_uart.o
 .text.nrf_uart_txd_set
                0x000000000001d26c       0x24 _build/nrf_drv_uart.o
 .text.nrf_uart_task_trigger
                0x000000000001d290       0x24 _build/nrf_drv_uart.o
 .text.tx_byte  0x000000000001d2b4       0x54 _build/nrf_drv_uart.o
 .text.rx_byte  0x000000000001d308       0x64 _build/nrf_drv_uart.o
 .text.rx_done_event
                0x000000000001d36c       0x44 _build/nrf_drv_uart.o
 .text.tx_done_event
                0x000000000001d3b0       0x4c _build/nrf_drv_uart.o
 .text.uart_irq_handler
                0x000000000001d3fc      0x200 _build/nrf_drv_uart.o
 .text.UART0_IRQHandler
                0x000000000001d5fc       0x10 _build/nrf_drv_uart.o
                0x000000000001d5fc                UART0_IRQHandler
 .text.pstorage_flash_page_size
                0x000000000001d60c       0x14 _build/pstorage.o
 .text.pstorage_flash_page_end
                0x000000000001d620       0x38 _build/pstorage.o
 .text.is_word_aligned
                0x000000000001d658       0x1c _build/pstorage.o
 .text.sd_flash_write
                0x000000000001d674        0x8 _build/pstorage.o
 .text.sd_flash_page_erase
                0x000000000001d67c        0x8 _build/pstorage.o
 .text.command_queue_element_consume
                0x000000000001d684       0x40 _build/pstorage.o
 .text.command_end_procedure_run
                0x000000000001d6c4       0x34 _build/pstorage.o
 .text.state_idle_entry_run
                0x000000000001d6f8       0x24 _build/pstorage.o
 .text.app_notify_error_state_transit
                0x000000000001d71c       0x38 _build/pstorage.o
 .text.flash_api_err_code_process
                0x000000000001d754       0x38 _build/pstorage.o
 .text.flash_write
                0x000000000001d78c       0x28 _build/pstorage.o
 .text.store_cmd_flash_write_execute
                0x000000000001d7b4       0xac _build/pstorage.o
 .text.state_store_entry_run
                0x000000000001d860       0x10 _build/pstorage.o
 .text.state_data_erase_swap_entry_run
                0x000000000001d870       0xc4 _build/pstorage.o
 .text.flash_page_erase
                0x000000000001d934       0x20 _build/pstorage.o
 .text.state_data_erase_entry_run
                0x000000000001d954       0x18 _build/pstorage.o
 .text.state_entry_action_run
                0x000000000001d96c       0x40 _build/pstorage.o
 .text.sm_state_change
                0x000000000001d9ac       0x24 _build/pstorage.o
 .text.state_swap_erase_entry_run
                0x000000000001d9d0       0x30 _build/pstorage.o
 .text.state_write_data_swap_entry_run
                0x000000000001da00       0x44 _build/pstorage.o
 .text.state_erase_data_page_entry_run
                0x000000000001da44       0x18 _build/pstorage.o
 .text.state_restore_tail_entry_run
                0x000000000001da5c       0x8c _build/pstorage.o
 .text.state_restore_head_entry_run
                0x000000000001dae8       0x40 _build/pstorage.o
 .text.swap_sub_state_entry_action_run
                0x000000000001db28       0x20 _build/pstorage.o
 .text.swap_sub_state_state_change
                0x000000000001db48       0x24 _build/pstorage.o
 .text.cmd_queue_element_init
                0x000000000001db6c       0x8c _build/pstorage.o
 .text.cmd_queue_init
                0x000000000001dbf8       0x38 _build/pstorage.o
 .text.cmd_queue_enqueue
                0x000000000001dc30       0xe8 _build/pstorage.o
 .text.cmd_queue_dequeue
                0x000000000001dd18       0x1c _build/pstorage.o
 .text.app_notify
                0x000000000001dd34       0x58 _build/pstorage.o
 .text.is_tail_data_page_swap_required
                0x000000000001dd8c       0x84 _build/pstorage.o
 .text.clear_post_processing_run
                0x000000000001de10       0x3c _build/pstorage.o
 .text.swap_sub_sm_exit_action_run
                0x000000000001de4c       0x10 _build/pstorage.o
 .text.is_page_erase_required
                0x000000000001de5c       0x90 _build/pstorage.o
 .text.swap_sub_state_err_busy_process
                0x000000000001deec       0x2c _build/pstorage.o
 .text.head_restore_state_run
                0x000000000001df18       0x74 _build/pstorage.o
 .text.tail_restore_state_run
                0x000000000001df8c       0x24 _build/pstorage.o
 .text.data_page_erase_state_run
                0x000000000001dfb0       0x88 _build/pstorage.o
 .text.data_to_swap_write_state_run
                0x000000000001e038       0x3c _build/pstorage.o
 .text.swap_erase_state_run
                0x000000000001e074       0x24 _build/pstorage.o
 .text.swap_sub_state_sm_run
                0x000000000001e098       0x20 _build/pstorage.o
 .text.main_state_err_busy_process
                0x000000000001e0b8       0x2c _build/pstorage.o
 .text.erase_sub_state_sm_run
                0x000000000001e0e4       0x54 _build/pstorage.o
 .text.store_sub_state_sm_run
                0x000000000001e138       0x64 _build/pstorage.o
 .text.flash_operation_success_run
                0x000000000001e19c       0x34 _build/pstorage.o
 .text.flash_operation_failure_run
                0x000000000001e1d0       0x50 _build/pstorage.o
 .text.pstorage_sys_event_handler
                0x000000000001e220       0x50 _build/pstorage.o
                0x000000000001e220                pstorage_sys_event_handler
 .text.tail_word_size_calculate
                0x000000000001e270       0x94 _build/pstorage.o
 .text.clear_operation_execute
                0x000000000001e304      0x198 _build/pstorage.o
 .text.store_operation_execute
                0x000000000001e49c       0x10 _build/pstorage.o
 .text.update_operation_execute
                0x000000000001e4ac       0x10 _build/pstorage.o
 .text.cmd_process
                0x000000000001e4bc       0x5c _build/pstorage.o
 .text.pstorage_init
                0x000000000001e518       0xc4 _build/pstorage.o
                0x000000000001e518                pstorage_init
 .text.pstorage_register
                0x000000000001e5dc      0x184 _build/pstorage.o
                0x000000000001e5dc                pstorage_register
 .text.pstorage_block_identifier_get
                0x000000000001e760       0xfc _build/pstorage.o
                0x000000000001e760                pstorage_block_identifier_get
 .text.pstorage_store
                0x000000000001e85c      0x168 _build/pstorage.o
                0x000000000001e85c                pstorage_store
 .text.pstorage_update
                0x000000000001e9c4      0x168 _build/pstorage.o
                0x000000000001e9c4                pstorage_update
 .text.pstorage_load
                0x000000000001eb2c      0x18c _build/pstorage.o
                0x000000000001eb2c                pstorage_load
 .text.pstorage_clear
                0x000000000001ecb8      0x1a8 _build/pstorage.o
                0x000000000001ecb8                pstorage_clear
 .text.pstorage_access_status_get
                0x000000000001ee60       0x3c _build/pstorage.o
                0x000000000001ee60                pstorage_access_status_get
 .text.nrf_adc_result_get
                0x000000000001ee9c       0x18 _build/nrf_drv_adc.o
 .text.nrf_adc_start
                0x000000000001eeb4       0x14 _build/nrf_drv_adc.o
 .text.nrf_adc_config_set
                0x000000000001eec8       0x20 _build/nrf_drv_adc.o
 .text.nrf_adc_event_clear
                0x000000000001eee8       0x28 _build/nrf_drv_adc.o
 .text.nrf_adc_event_check
                0x000000000001ef10       0x2c _build/nrf_drv_adc.o
 .text.nrf_adc_int_enable
                0x000000000001ef3c       0x20 _build/nrf_drv_adc.o
 .text.nrf_adc_int_disable
                0x000000000001ef5c       0x20 _build/nrf_drv_adc.o
 .text.nrf_adc_task_trigger
                0x000000000001ef7c       0x28 _build/nrf_drv_adc.o
 .text.nrf_adc_enable
                0x000000000001efa4       0x18 _build/nrf_drv_adc.o
 .text.nrf_adc_disable
                0x000000000001efbc       0x18 _build/nrf_drv_adc.o
 .text.nrf_drv_adc_init
                0x000000000001efd4       0x5c _build/nrf_drv_adc.o
                0x000000000001efd4                nrf_drv_adc_init
 .text.nrf_drv_adc_channel_enable
                0x000000000001f030       0x48 _build/nrf_drv_adc.o
                0x000000000001f030                nrf_drv_adc_channel_enable
 .text.nrf_drv_adc_sample
                0x000000000001f078       0x10 _build/nrf_drv_adc.o
                0x000000000001f078                nrf_drv_adc_sample
 .text.adc_sample_process
                0x000000000001f088       0x9c _build/nrf_drv_adc.o
 .text.nrf_drv_adc_buffer_convert
                0x000000000001f124       0xa0 _build/nrf_drv_adc.o
                0x000000000001f124                nrf_drv_adc_buffer_convert
 .text.ADC_IRQHandler
                0x000000000001f1c4       0x90 _build/nrf_drv_adc.o
                0x000000000001f1c4                ADC_IRQHandler
 .text.bsp_button_is_pressed
                0x000000000001f254       0x54 _build/bsp.o
                0x000000000001f254                bsp_button_is_pressed
 .text.bsp_button_event_handler
                0x000000000001f2a8      0x15c _build/bsp.o
 .text.button_timer_handler
                0x000000000001f404       0x1c _build/bsp.o
 .text.bsp_led_indication
                0x000000000001f420      0x6f8 _build/bsp.o
 .text.leds_timer_handler
                0x000000000001fb18       0x2c _build/bsp.o
 .text.alert_timer_handler
                0x000000000001fb44       0x48 _build/bsp.o
 .text.bsp_indication_set
                0x000000000001fb8c       0x38 _build/bsp.o
                0x000000000001fb8c                bsp_indication_set
 .text.bsp_init
                0x000000000001fbc4      0x120 _build/bsp.o
                0x000000000001fbc4                bsp_init
 .text.bsp_event_to_button_action_assign
                0x000000000001fce4       0xac _build/bsp.o
                0x000000000001fce4                bsp_event_to_button_action_assign
 .text.bsp_wakeup_buttons_set
                0x000000000001fd90       0x84 _build/bsp.o
                0x000000000001fd90                bsp_wakeup_buttons_set
 .text.connection_buttons_configure
                0x000000000001fe14       0x6c _build/bsp_btn_ble.o
 .text.advertising_buttons_configure
                0x000000000001fe80       0x6c _build/bsp_btn_ble.o
 .text.startup_event_extract
                0x000000000001feec       0x70 _build/bsp_btn_ble.o
 .text.bsp_btn_ble_sleep_mode_prepare
                0x000000000001ff5c       0x2c _build/bsp_btn_ble.o
                0x000000000001ff5c                bsp_btn_ble_sleep_mode_prepare
 .text.bsp_btn_ble_on_ble_evt
                0x000000000001ff88       0x90 _build/bsp_btn_ble.o
                0x000000000001ff88                bsp_btn_ble_on_ble_evt
 .text.bsp_btn_ble_init
                0x0000000000020018       0x54 _build/bsp_btn_ble.o
                0x0000000000020018                bsp_btn_ble_init
 .text.sd_power_system_off
                0x000000000002006c        0x8 _build/main.o
 .text.sd_app_evt_wait
                0x0000000000020074        0x8 _build/main.o
 .text.sd_ble_gap_disconnect
                0x000000000002007c        0x8 _build/main.o
 .text.sd_ble_gap_ppcp_set
                0x0000000000020084        0x8 _build/main.o
 .text.sd_ble_gap_device_name_set
                0x000000000002008c        0x8 _build/main.o
 .text.adc_event_handler
                0x0000000000020094      0x10c _build/main.o
                0x0000000000020094                adc_event_handler
 .text.adc_configure
                0x00000000000201a0       0xc8 _build/main.o
 .text.adc_sampling_timeout_handler
                0x0000000000020268       0x14 _build/main.o
 .text.timers_init
                0x000000000002027c       0x60 _build/main.o
 .text.gap_params_init
                0x00000000000202dc       0xa4 _build/main.o
 .text.services_init
                0x0000000000020380       0x18 _build/main.o
 .text.on_conn_params_evt
                0x0000000000020398       0x40 _build/main.o
 .text.conn_params_error_handler
                0x00000000000203d8       0x18 _build/main.o
 .text.conn_params_init
                0x00000000000203f0       0x74 _build/main.o
 .text.application_timers_start
                0x0000000000020464       0x38 _build/main.o
 .text.sleep_mode_enter
                0x000000000002049c       0x60 _build/main.o
 .text.on_adv_evt
                0x00000000000204fc       0x48 _build/main.o
 .text.on_ble_evt
                0x0000000000020544       0x54 _build/main.o
 .text.ble_evt_dispatch
                0x0000000000020598       0x48 _build/main.o
 .text.sys_evt_dispatch
                0x00000000000205e0       0x20 _build/main.o
 .text.ble_stack_init
                0x0000000000020600      0x100 _build/main.o
 .text.bsp_event_handler
                0x0000000000020700       0x84 _build/main.o
                0x0000000000020700                bsp_event_handler
 .text.device_manager_evt_handler
                0x0000000000020784       0x28 _build/main.o
 .text.device_manager_init
                0x00000000000207ac       0xec _build/main.o
 .text.advertising_init
                0x0000000000020898       0xb8 _build/main.o
 .text.buttons_leds_init
                0x0000000000020950       0x70 _build/main.o
 .text.power_manage
                0x00000000000209c0       0x28 _build/main.o
 .text.main     0x00000000000209e8       0x60 _build/main.o
                0x00000000000209e8                main
 .text.sd_ble_gatts_service_add
                0x0000000000020a48        0x8 _build/footsensor_service.o
 .text.sd_ble_gatts_characteristic_add
                0x0000000000020a50        0x8 _build/footsensor_service.o
 .text.sd_ble_gatts_hvx
                0x0000000000020a58        0x8 _build/footsensor_service.o
 .text.sd_ble_uuid_vs_add
                0x0000000000020a60        0x8 _build/footsensor_service.o
 .text.ble_footsensor_service_on_ble_evt
                0x0000000000020a68       0x34 _build/footsensor_service.o
                0x0000000000020a68                ble_footsensor_service_on_ble_evt
 .text.footsensor_front_char_add
                0x0000000000020a9c      0x1b4 _build/footsensor_service.o
 .text.footsensor_back_char_add
                0x0000000000020c50      0x1b4 _build/footsensor_service.o
 .text.footsensor_left_char_add
                0x0000000000020e04      0x1b4 _build/footsensor_service.o
 .text.footsensor_right_char_add
                0x0000000000020fb8      0x1b4 _build/footsensor_service.o
 .text.footsensor_service_init
                0x000000000002116c       0xa8 _build/footsensor_service.o
                0x000000000002116c                footsensor_service_init
 .text.footsensor_front_update
                0x0000000000021214       0x78 _build/footsensor_service.o
                0x0000000000021214                footsensor_front_update
 .text.footsensor_back_update
                0x000000000002128c       0x78 _build/footsensor_service.o
                0x000000000002128c                footsensor_back_update
 .text.footsensor_left_update
                0x0000000000021304       0x78 _build/footsensor_service.o
                0x0000000000021304                footsensor_left_update
 .text.footsensor_right_update
                0x000000000002137c       0x78 _build/footsensor_service.o
                0x000000000002137c                footsensor_right_update
 .text.sd_ble_gap_address_get
                0x00000000000213f4        0x8 _build/ble_advdata.o
 .text.sd_ble_gap_adv_data_set
                0x00000000000213fc        0x8 _build/ble_advdata.o
 .text.sd_ble_gap_appearance_get
                0x0000000000021404        0x8 _build/ble_advdata.o
 .text.sd_ble_gap_device_name_get
                0x000000000002140c        0x8 _build/ble_advdata.o
 .text.sd_ble_uuid_encode
                0x0000000000021414        0x8 _build/ble_advdata.o
 .text.uint16_encode
                0x000000000002141c       0x34 _build/ble_advdata.o
 .text.tk_value_encode
                0x0000000000021450       0xb0 _build/ble_advdata.o
 .text.le_role_encode
                0x0000000000021500       0xdc _build/ble_advdata.o
 .text.ble_device_addr_encode
                0x00000000000215dc       0xd0 _build/ble_advdata.o
 .text.name_encode
                0x00000000000216ac      0x164 _build/ble_advdata.o
 .text.appearance_encode
                0x0000000000021810       0xa0 _build/ble_advdata.o
 .text.flags_encode
                0x00000000000218b0       0x8c _build/ble_advdata.o
 .text.sec_mgr_oob_flags_encode
                0x000000000002193c       0x8c _build/ble_advdata.o
 .text.tx_power_level_encode
                0x00000000000219c8       0x8c _build/ble_advdata.o
 .text.uuid_list_sized_encode
                0x0000000000021a54      0x194 _build/ble_advdata.o
 .text.uuid_list_encode
                0x0000000000021be8       0x80 _build/ble_advdata.o
 .text.conn_int_check
                0x0000000000021c68       0x80 _build/ble_advdata.o
 .text.conn_int_encode
                0x0000000000021ce8       0xc8 _build/ble_advdata.o
 .text.manuf_specific_data_encode
                0x0000000000021db0       0xe4 _build/ble_advdata.o
 .text.service_data_encode
                0x0000000000021e94      0x118 _build/ble_advdata.o
 .text.adv_data_encode
                0x0000000000021fac      0x288 _build/ble_advdata.o
                0x0000000000021fac                adv_data_encode
 .text.advdata_check
                0x0000000000022234       0x24 _build/ble_advdata.o
 .text.srdata_check
                0x0000000000022258       0x20 _build/ble_advdata.o
 .text.ble_advdata_set
                0x0000000000022278       0xd8 _build/ble_advdata.o
                0x0000000000022278                ble_advdata_set
 .text.sd_ble_gap_adv_start
                0x0000000000022350        0x8 _build/ble_advertising.o
 .text.sd_ble_gap_adv_stop
                0x0000000000022358        0x8 _build/ble_advertising.o
 .text.whitelist_has_entries
                0x0000000000022360       0x28 _build/ble_advertising.o
 .text.ble_advertising_peer_address_clear
                0x0000000000022388       0x1c _build/ble_advertising.o
 .text.peer_address_exists
                0x00000000000223a4       0x34 _build/ble_advertising.o
 .text.ble_advertising_init
                0x00000000000223d8      0x200 _build/ble_advertising.o
                0x00000000000223d8                ble_advertising_init
 .text.flash_access_in_progress
                0x00000000000225d8       0x58 _build/ble_advertising.o
 .text.ble_advertising_start
                0x0000000000022630      0x368 _build/ble_advertising.o
                0x0000000000022630                ble_advertising_start
 .text.ble_advertising_on_ble_evt
                0x0000000000022998      0x158 _build/ble_advertising.o
                0x0000000000022998                ble_advertising_on_ble_evt
 .text.ble_advertising_on_sys_evt
                0x0000000000022af0       0x64 _build/ble_advertising.o
                0x0000000000022af0                ble_advertising_on_sys_evt
 .text.ble_advertising_restart_without_whitelist
                0x0000000000022b54       0xa0 _build/ble_advertising.o
                0x0000000000022b54                ble_advertising_restart_without_whitelist
 .text.sd_ble_gap_conn_param_update
                0x0000000000022bf4        0x8 _build/ble_conn_params.o
 .text.sd_ble_gap_disconnect
                0x0000000000022bfc        0x8 _build/ble_conn_params.o
 .text.sd_ble_gap_ppcp_set
                0x0000000000022c04        0x8 _build/ble_conn_params.o
 .text.sd_ble_gap_ppcp_get
                0x0000000000022c0c        0x8 _build/ble_conn_params.o
 .text.uint16_decode
                0x0000000000022c14       0x28 _build/ble_conn_params.o
 .text.ble_srv_is_notification_enabled
                0x0000000000022c3c       0x30 _build/ble_conn_params.o
 .text.is_conn_params_ok
                0x0000000000022c6c       0x34 _build/ble_conn_params.o
 .text.update_timeout_handler
                0x0000000000022ca0       0xc4 _build/ble_conn_params.o
 .text.ble_conn_params_init
                0x0000000000022d64       0xa4 _build/ble_conn_params.o
                0x0000000000022d64                ble_conn_params_init
 .text.conn_params_negotiation
                0x0000000000022e08       0xb8 _build/ble_conn_params.o
 .text.on_connect
                0x0000000000022ec0       0x44 _build/ble_conn_params.o
 .text.on_disconnect
                0x0000000000022f04       0x54 _build/ble_conn_params.o
 .text.on_write
                0x0000000000022f58       0x6c _build/ble_conn_params.o
 .text.on_conn_params_update
                0x0000000000022fc4       0x24 _build/ble_conn_params.o
 .text.ble_conn_params_on_ble_evt
                0x0000000000022fe8       0x54 _build/ble_conn_params.o
                0x0000000000022fe8                ble_conn_params_on_ble_evt
 .text.sd_ble_gap_sec_params_reply
                0x000000000002303c        0x8 _build/device_manager_peripheral.o
 .text.sd_ble_gap_sec_info_reply
                0x0000000000023044        0x8 _build/device_manager_peripheral.o
 .text.sd_ble_gatts_service_changed
                0x000000000002304c        0x8 _build/device_manager_peripheral.o
 .text.sd_ble_gatts_sys_attr_set
                0x0000000000023054        0x8 _build/device_manager_peripheral.o
 .text.sd_ble_gatts_sys_attr_get
                0x000000000002305c        0x8 _build/device_manager_peripheral.o
 .text.update_status_bit_reset
                0x0000000000023064       0x28 _build/device_manager_peripheral.o
 .text.update_status_bit_is_set
                0x000000000002308c       0x2c _build/device_manager_peripheral.o
 .text.application_instance_init
                0x00000000000230b8       0x4c _build/device_manager_peripheral.o
 .text.connection_instance_init
                0x0000000000023104       0x6c _build/device_manager_peripheral.o
 .text.peer_instance_init
                0x0000000000023170       0xa0 _build/device_manager_peripheral.o
 .text.connection_instance_find
                0x0000000000023210       0x90 _build/device_manager_peripheral.o
 .text.device_instance_allocate
                0x00000000000232a0       0xd8 _build/device_manager_peripheral.o
 .text.device_instance_free
                0x0000000000023378       0x50 _build/device_manager_peripheral.o
 .text.device_instance_find
                0x00000000000233c8       0x84 _build/device_manager_peripheral.o
 .text.app_evt_notify
                0x000000000002344c       0x28 _build/device_manager_peripheral.o
 .text.connection_instance_allocate
                0x0000000000023474       0x4c _build/device_manager_peripheral.o
 .text.connection_instance_free
                0x00000000000234c0       0x38 _build/device_manager_peripheral.o
 .text.storage_operation_dummy_handler
                0x00000000000234f8       0x20 _build/device_manager_peripheral.o
 .text.device_context_store
                0x0000000000023518      0x150 _build/device_manager_peripheral.o
 .text.no_service_context_store
                0x0000000000023668       0x14 _build/device_manager_peripheral.o
 .text.gatts_context_store
                0x000000000002367c      0x168 _build/device_manager_peripheral.o
 .text.gattc_context_store
                0x00000000000237e4       0x14 _build/device_manager_peripheral.o
 .text.gattsc_context_store
                0x00000000000237f8       0x3c _build/device_manager_peripheral.o
 .text.no_service_context_load
                0x0000000000023834       0x14 _build/device_manager_peripheral.o
 .text.gatts_context_load
                0x0000000000023848       0x70 _build/device_manager_peripheral.o
 .text.gattc_context_load
                0x00000000000238b8       0x14 _build/device_manager_peripheral.o
 .text.gattsc_context_load
                0x00000000000238cc       0x3c _build/device_manager_peripheral.o
 .text.no_service_context_apply
                0x0000000000023908       0x14 _build/device_manager_peripheral.o
 .text.gatts_context_apply
                0x000000000002391c      0x198 _build/device_manager_peripheral.o
 .text.gattc_context_apply
                0x0000000000023ab4       0x14 _build/device_manager_peripheral.o
 .text.gattsc_context_apply
                0x0000000000023ac8       0x30 _build/device_manager_peripheral.o
 .text.dm_pstorage_cb_handler
                0x0000000000023af8      0x36c _build/device_manager_peripheral.o
 .text.dm_init  0x0000000000023e64      0x160 _build/device_manager_peripheral.o
                0x0000000000023e64                dm_init
 .text.dm_register
                0x0000000000023fc4       0xd0 _build/device_manager_peripheral.o
                0x0000000000023fc4                dm_register
 .text.dm_handle_initialize
                0x0000000000024094       0x38 _build/device_manager_peripheral.o
                0x0000000000024094                dm_handle_initialize
 .text.bond_data_load
                0x00000000000240cc       0x78 _build/device_manager_peripheral.o
                0x00000000000240cc                bond_data_load
 .text.dm_ble_evt_handler
                0x0000000000024144      0x934 _build/device_manager_peripheral.o
                0x0000000000024144                dm_ble_evt_handler
 .text.SystemInit
                0x0000000000024a78       0x74 _build/system_nrf51.o
                0x0000000000024a78                SystemInit
 .text.is_manual_peripheral_setup_needed
                0x0000000000024aec       0x80 _build/system_nrf51.o
 .text.is_disabled_in_debug_needed
                0x0000000000024b6c       0x4c _build/system_nrf51.o
 .text.is_peripheral_domain_setup_needed
                0x0000000000024bb8       0x68 _build/system_nrf51.o
 .text.NVIC_EnableIRQ
                0x0000000000024c20       0x2c _build/softdevice_handler.o
 .text.NVIC_GetPriority
                0x0000000000024c4c       0x7c _build/softdevice_handler.o
 .text.sd_evt_get
                0x0000000000024cc8        0x8 _build/softdevice_handler.o
 .text.sd_softdevice_enable
                0x0000000000024cd0        0x8 _build/softdevice_handler.o
 .text.is_word_aligned
                0x0000000000024cd8       0x1c _build/softdevice_handler.o
 .text.sd_ble_enable
                0x0000000000024cf4        0x8 _build/softdevice_handler.o
 .text.sd_ble_evt_get
                0x0000000000024cfc        0x8 _build/softdevice_handler.o
 .text.__sd_nvic_app_accessible_irq
                0x0000000000024d04       0x3c _build/softdevice_handler.o
 .text.__sd_nvic_is_app_accessible_priority
                0x0000000000024d40       0x2c _build/softdevice_handler.o
 .text.sd_nvic_EnableIRQ
                0x0000000000024d6c       0x98 _build/softdevice_handler.o
 .text.softdevice_fault_handler
                0x0000000000024e04       0x20 _build/softdevice_handler.o
                0x0000000000024e04                softdevice_fault_handler
 .text.intern_softdevice_events_execute
                0x0000000000024e24      0x104 _build/softdevice_handler.o
                0x0000000000024e24                intern_softdevice_events_execute
 .text.softdevice_handler_init
                0x0000000000024f28       0x8c _build/softdevice_handler.o
                0x0000000000024f28                softdevice_handler_init
 .text.softdevice_ble_evt_handler_set
                0x0000000000024fb4       0x28 _build/softdevice_handler.o
                0x0000000000024fb4                softdevice_ble_evt_handler_set
 .text.softdevice_sys_evt_handler_set
                0x0000000000024fdc       0x28 _build/softdevice_handler.o
                0x0000000000024fdc                softdevice_sys_evt_handler_set
 .text.SWI2_IRQHandler
                0x0000000000025004       0x3c _build/softdevice_handler.o
                0x0000000000025004                SWI2_IRQHandler
 .text.softdevice_enable_get_default_config
                0x0000000000025040       0x60 _build/softdevice_handler.o
                0x0000000000025040                softdevice_enable_get_default_config
 .text.sd_check_ram_start
                0x00000000000250a0       0x28 _build/softdevice_handler.o
                0x00000000000250a0                sd_check_ram_start
 .text.softdevice_enable
                0x00000000000250c8       0x30 _build/softdevice_handler.o
                0x00000000000250c8                softdevice_enable
 .text          0x00000000000250f8       0x4c _build/gcc_startup_nrf51.o
                0x00000000000250f8                Reset_Handler
                0x0000000000025138                NMI_Handler
                0x000000000002513a                HardFault_Handler
                0x000000000002513c                SVC_Handler
                0x000000000002513e                PendSV_Handler
                0x0000000000025140                SysTick_Handler
                0x0000000000025142                SWI4_IRQHandler
                0x0000000000025142                TEMP_IRQHandler
                0x0000000000025142                QDEC_IRQHandler
                0x0000000000025142                SWI5_IRQHandler
                0x0000000000025142                TIMER0_IRQHandler
                0x0000000000025142                TIMER1_IRQHandler
                0x0000000000025142                ECB_IRQHandler
                0x0000000000025142                Default_Handler
                0x0000000000025142                SWI3_IRQHandler
                0x0000000000025142                CCM_AAR_IRQHandler
                0x0000000000025142                WDT_IRQHandler
                0x0000000000025142                RNG_IRQHandler
                0x0000000000025142                SPI1_TWI1_IRQHandler
                0x0000000000025142                TIMER2_IRQHandler
                0x0000000000025142                SWI1_IRQHandler
                0x0000000000025142                SPI0_TWI0_IRQHandler
                0x0000000000025142                RTC0_IRQHandler
                0x0000000000025142                POWER_CLOCK_IRQHandler
                0x0000000000025142                RADIO_IRQHandler
                0x0000000000025142                LPCOMP_IRQHandler
 .text          0x0000000000025144      0x114 /usr/local/gcc-arm-none-eabi-5_2-2015q4/bin/../lib/gcc/arm-none-eabi/5.2.1/armv6-m/libgcc.a(_udivsi3.o)
                0x0000000000025144                __udivsi3
                0x0000000000025144                __aeabi_uidiv
                0x0000000000025250                __aeabi_uidivmod
 .text          0x0000000000025258      0x1d4 /usr/local/gcc-arm-none-eabi-5_2-2015q4/bin/../lib/gcc/arm-none-eabi/5.2.1/armv6-m/libgcc.a(_divsi3.o)
                0x0000000000025258                __aeabi_idiv
                0x0000000000025258                __divsi3
                0x0000000000025424                __aeabi_idivmod
 .text          0x000000000002542c        0x4 /usr/local/gcc-arm-none-eabi-5_2-2015q4/bin/../lib/gcc/arm-none-eabi/5.2.1/armv6-m/libgcc.a(_dvmd_tls.o)
                0x000000000002542c                __aeabi_ldiv0
                0x000000000002542c                __aeabi_idiv0
 .text.memcmp   0x0000000000025430       0x1e /usr/local/gcc-arm-none-eabi-5_2-2015q4/bin/../lib/gcc/arm-none-eabi/5.2.1/../../../../arm-none-eabi/lib/armv6-m/libc_nano.a(lib_a-memcmp.o)
                0x0000000000025430                memcmp
 .text.memcpy   0x000000000002544e       0x12 /usr/local/gcc-arm-none-eabi-5_2-2015q4/bin/../lib/gcc/arm-none-eabi/5.2.1/../../../../arm-none-eabi/lib/armv6-m/libc_nano.a(lib_a-memcpy-stub.o)
                0x000000000002544e                memcpy
 .text          0x0000000000025460        0xe /usr/local/gcc-arm-none-eabi-5_2-2015q4/bin/../lib/gcc/arm-none-eabi/5.2.1/../../../../arm-none-eabi/lib/armv6-m/libc_nano.a(lib_a-strlen.o)
                0x0000000000025460                strlen
 *(.init)
 *fill*         0x000000000002546e        0x2 
 .init          0x0000000000025470        0x4 /usr/local/gcc-arm-none-eabi-5_2-2015q4/bin/../lib/gcc/arm-none-eabi/5.2.1/armv6-m/crti.o
                0x0000000000025470                _init
 .init          0x0000000000025474        0x8 /usr/local/gcc-arm-none-eabi-5_2-2015q4/bin/../lib/gcc/arm-none-eabi/5.2.1/armv6-m/crtn.o
 *(.fini)
 .fini          0x000000000002547c        0x4 /usr/local/gcc-arm-none-eabi-5_2-2015q4/bin/../lib/gcc/arm-none-eabi/5.2.1/armv6-m/crti.o
                0x000000000002547c                _fini
 .fini          0x0000000000025480        0x8 /usr/local/gcc-arm-none-eabi-5_2-2015q4/bin/../lib/gcc/arm-none-eabi/5.2.1/armv6-m/crtn.o
 *crtbegin.o(.ctors)
 *crtbegin?.o(.ctors)
 *(EXCLUDE_FILE(*crtend.o *crtend?.o) .ctors)
 *(SORT(.ctors.*))
 *(.ctors)
 *crtbegin.o(.dtors)
 *crtbegin?.o(.dtors)
 *(EXCLUDE_FILE(*crtend.o *crtend?.o) .dtors)
 *(SORT(.dtors.*))
 *(.dtors)
 *(.rodata*)
 .rodata.str1.1
                0x0000000000025488        0x2 /usr/local/gcc-arm-none-eabi-5_2-2015q4/bin/../lib/gcc/arm-none-eabi/5.2.1/../../../../arm-none-eabi/lib/armv6-m/libc_nano.a(lib_a-impure.o)
 *fill*         0x000000000002548a        0x2 
 .rodata._global_impure_ptr
                0x000000000002548c        0x4 /usr/local/gcc-arm-none-eabi-5_2-2015q4/bin/../lib/gcc/arm-none-eabi/5.2.1/../../../../arm-none-eabi/lib/armv6-m/libc_nano.a(lib_a-impure.o)
                0x000000000002548c                _global_impure_ptr
 .rodata.m_detection_delay_timer_id
                0x0000000000025490        0x4 _build/app_button.o
 .rodata.swap_sub_state_sm_lut.6817
                0x0000000000025494       0x14 _build/pstorage.o
 .rodata.swap_sub_state_sm_lut.6892
                0x00000000000254a8       0x14 _build/pstorage.o
 .rodata.m_default_config
                0x00000000000254bc        0x1 _build/nrf_drv_adc.o
 *fill*         0x00000000000254bd        0x3 
 .rodata.m_leds_timer_id
                0x00000000000254c0        0x4 _build/bsp.o
 .rodata.m_alert_timer_id
                0x00000000000254c4        0x4 _build/bsp.o
 .rodata.m_button_timer_id
                0x00000000000254c8        0x4 _build/bsp.o
 .rodata.m_buttons_list
                0x00000000000254cc       0x10 _build/bsp.o
 .rodata.app_buttons
                0x00000000000254dc       0x20 _build/bsp.o
 .rodata.bsp_led_indication
                0x00000000000254fc       0x60 _build/bsp.o
 .rodata.m_adc_sampling_timer_id
                0x000000000002555c        0x4 _build/main.o
 .rodata        0x0000000000025560       0x10 _build/main.o
 .rodata        0x0000000000025570       0x10 _build/footsensor_service.o
 .rodata.m_conn_params_timer_id
                0x0000000000025580        0x4 _build/ble_conn_params.o
 .rodata.m_service_context_store
                0x0000000000025584       0x10 _build/device_manager_peripheral.o
                0x0000000000025584                m_service_context_store
 .rodata.m_service_context_load
                0x0000000000025594       0x10 _build/device_manager_peripheral.o
                0x0000000000025594                m_service_context_load
 .rodata.m_service_context_apply
                0x00000000000255a4       0x10 _build/device_manager_peripheral.o
                0x00000000000255a4                m_service_context_apply
 .rodata.m_context_init_len
                0x00000000000255b4        0x4 _build/device_manager_peripheral.o
                0x00000000000255b4                m_context_init_len
 .rodata.dm_ble_evt_handler
                0x00000000000255b8      0x10c _build/device_manager_peripheral.o
 .rodata.__sf_fake_stdin
                0x00000000000256c4       0x20 /usr/local/gcc-arm-none-eabi-5_2-2015q4/bin/../lib/gcc/arm-none-eabi/5.2.1/../../../../arm-none-eabi/lib/armv6-m/libc_nano.a(lib_a-findfp.o)
                0x00000000000256c4                __sf_fake_stdin
 .rodata.__sf_fake_stdout
                0x00000000000256e4       0x20 /usr/local/gcc-arm-none-eabi-5_2-2015q4/bin/../lib/gcc/arm-none-eabi/5.2.1/../../../../arm-none-eabi/lib/armv6-m/libc_nano.a(lib_a-findfp.o)
                0x00000000000256e4                __sf_fake_stdout
 .rodata.__sf_fake_stderr
                0x0000000000025704       0x20 /usr/local/gcc-arm-none-eabi-5_2-2015q4/bin/../lib/gcc/arm-none-eabi/5.2.1/../../../../arm-none-eabi/lib/armv6-m/libc_nano.a(lib_a-findfp.o)
                0x0000000000025704                __sf_fake_stderr
 *(.eh_frame*)
 .eh_frame      0x0000000000025724        0x0 /usr/local/gcc-arm-none-eabi-5_2-2015q4/bin/../lib/gcc/arm-none-eabi/5.2.1/armv6-m/crtbegin.o
 .eh_frame      0x0000000000025724        0x4 /usr/local/gcc-arm-none-eabi-5_2-2015q4/bin/../lib/gcc/arm-none-eabi/5.2.1/armv6-m/crtend.o

.glue_7         0x0000000000025728        0x0
 .glue_7        0x0000000000025728        0x0 linker stubs

.glue_7t        0x0000000000025728        0x0
 .glue_7t       0x0000000000025728        0x0 linker stubs

.vfp11_veneer   0x0000000000025728        0x0
 .vfp11_veneer  0x0000000000025728        0x0 linker stubs

.v4_bx          0x0000000000025728        0x0
 .v4_bx         0x0000000000025728        0x0 linker stubs

.iplt           0x0000000000025728        0x0
 .iplt          0x0000000000025728        0x0 /usr/local/gcc-arm-none-eabi-5_2-2015q4/bin/../lib/gcc/arm-none-eabi/5.2.1/armv6-m/crtbegin.o

.ARM.extab
 *(.ARM.extab* .gnu.linkonce.armextab.*)
                0x0000000000025728                __exidx_start = .

.ARM.exidx      0x0000000000025728        0x8
 *(.ARM.exidx* .gnu.linkonce.armexidx.*)
 .ARM.exidx     0x0000000000025728        0x8 /usr/local/gcc-arm-none-eabi-5_2-2015q4/bin/../lib/gcc/arm-none-eabi/5.2.1/../../../../arm-none-eabi/lib/armv6-m/crt0.o
                0x0000000000025730                __exidx_end = .
                0x0000000000025730                __etext = .

.rel.dyn        0x0000000000025730        0x0
 .rel.iplt      0x0000000000025730        0x0 /usr/local/gcc-arm-none-eabi-5_2-2015q4/bin/../lib/gcc/arm-none-eabi/5.2.1/armv6-m/crtbegin.o

.data           0x0000000020002080       0x98 load address 0x0000000000025730
                0x0000000020002080                __data_start__ = .
 *(vtable)
 *(.data*)
 .data.impure_data
                0x0000000020002080       0x60 /usr/local/gcc-arm-none-eabi-5_2-2015q4/bin/../lib/gcc/arm-none-eabi/5.2.1/../../../../arm-none-eabi/lib/armv6-m/libc_nano.a(lib_a-impure.o)
 .data.m_conn_handle
                0x00000000200020e0        0x2 _build/main.o
 *fill*         0x00000000200020e2        0x2 
 .data.m_adv_uuids
                0x00000000200020e4        0x4 _build/main.o
 .data.channel_front_sensor.8752
                0x00000000200020e8        0x8 _build/main.o
 .data.channel_back_sensor.8753
                0x00000000200020f0        0x8 _build/main.o
 .data.channel_left_sensor.8754
                0x00000000200020f8        0x8 _build/main.o
 .data.channel_right_sensor.8755
                0x0000000020002100        0x8 _build/main.o
 .data.current_slave_link_conn_handle.6665
                0x0000000020002108        0x2 _build/ble_advertising.o
                0x000000002000210c                . = ALIGN (0x4)
 *fill*         0x000000002000210a        0x2 
                0x000000002000210c                PROVIDE (__preinit_array_start, .)
 *(.preinit_array)
                0x000000002000210c                PROVIDE (__preinit_array_end, .)
                0x000000002000210c                . = ALIGN (0x4)
                0x000000002000210c                PROVIDE (__init_array_start, .)
 *(SORT(.init_array.*))
 *(.init_array)
 .init_array    0x000000002000210c        0x4 /usr/local/gcc-arm-none-eabi-5_2-2015q4/bin/../lib/gcc/arm-none-eabi/5.2.1/armv6-m/crtbegin.o
                0x0000000020002110                PROVIDE (__init_array_end, .)
                0x0000000020002110                . = ALIGN (0x4)
                [!provide]                        PROVIDE (__fini_array_start, .)
 *(SORT(.fini_array.*))
 *(.fini_array)
 .fini_array    0x0000000020002110        0x4 /usr/local/gcc-arm-none-eabi-5_2-2015q4/bin/../lib/gcc/arm-none-eabi/5.2.1/armv6-m/crtbegin.o
                [!provide]                        PROVIDE (__fini_array_end, .)
 *(.jcr*)
 .jcr           0x0000000020002114        0x0 /usr/local/gcc-arm-none-eabi-5_2-2015q4/bin/../lib/gcc/arm-none-eabi/5.2.1/armv6-m/crtbegin.o
 .jcr           0x0000000020002114        0x4 /usr/local/gcc-arm-none-eabi-5_2-2015q4/bin/../lib/gcc/arm-none-eabi/5.2.1/armv6-m/crtend.o
                0x0000000020002118                . = ALIGN (0x4)
                0x0000000020002118                __data_end__ = .
LOAD /usr/local/gcc-arm-none-eabi-5_2-2015q4/bin/../lib/gcc/arm-none-eabi/5.2.1/armv6-m/crti.o
LOAD /usr/local/gcc-arm-none-eabi-5_2-2015q4/bin/../lib/gcc/arm-none-eabi/5.2.1/armv6-m/crtbegin.o
LOAD /usr/local/gcc-arm-none-eabi-5_2-2015q4/bin/../lib/gcc/arm-none-eabi/5.2.1/../../../../arm-none-eabi/lib/armv6-m/crt0.o
LOAD /usr/local/gcc-arm-none-eabi-5_2-2015q4/bin/../lib/gcc/arm-none-eabi/5.2.1/../../../../arm-none-eabi/lib/armv6-m/libc_nano.a
LOAD /usr/local/gcc-arm-none-eabi-5_2-2015q4/bin/../lib/gcc/arm-none-eabi/5.2.1/../../../../arm-none-eabi/lib/armv6-m/libnosys.a
LOAD _build/app_button.o
LOAD _build/app_error.o
LOAD _build/app_error_weak.o
LOAD _build/app_timer.o
LOAD _build/app_trace.o
LOAD _build/app_util_platform.o
LOAD _build/fstorage.o
LOAD _build/nrf_assert.o
LOAD _build/nrf_log.o
LOAD _build/retarget.o
LOAD _build/sensorsim.o
LOAD _build/RTT_Syscalls_GCC.o
LOAD _build/SEGGER_RTT.o
LOAD _build/SEGGER_RTT_printf.o
LOAD _build/app_uart.o
LOAD _build/nrf_adc.o
LOAD _build/nrf_delay.o
LOAD _build/nrf_soc.o
LOAD _build/nrf_drv_common.o
LOAD _build/nrf_drv_gpiote.o
LOAD _build/nrf_drv_uart.o
LOAD _build/pstorage.o
LOAD _build/nrf_drv_adc.o
LOAD _build/bsp.o
LOAD _build/bsp_btn_ble.o
LOAD _build/main.o
LOAD _build/footsensor_service.o
LOAD _build/ble_advdata.o
LOAD _build/ble_advertising.o
LOAD _build/ble_conn_params.o
LOAD _build/ble_srv_common.o
LOAD _build/device_manager_peripheral.o
LOAD _build/system_nrf51.o
LOAD _build/softdevice_handler.o
LOAD _build/gcc_startup_nrf51.o
LOAD /usr/local/gcc-arm-none-eabi-5_2-2015q4/bin/../lib/gcc/arm-none-eabi/5.2.1/../../../../arm-none-eabi/lib/armv6-m/libm.a
START GROUP
LOAD /usr/local/gcc-arm-none-eabi-5_2-2015q4/bin/../lib/gcc/arm-none-eabi/5.2.1/armv6-m/libgcc.a
LOAD /usr/local/gcc-arm-none-eabi-5_2-2015q4/bin/../lib/gcc/arm-none-eabi/5.2.1/../../../../arm-none-eabi/lib/armv6-m/libc_nano.a
END GROUP
START GROUP
LOAD /usr/local/gcc-arm-none-eabi-5_2-2015q4/bin/../lib/gcc/arm-none-eabi/5.2.1/armv6-m/libgcc.a
LOAD /usr/local/gcc-arm-none-eabi-5_2-2015q4/bin/../lib/gcc/arm-none-eabi/5.2.1/../../../../arm-none-eabi/lib/armv6-m/libc_nano.a
END GROUP
LOAD /usr/local/gcc-arm-none-eabi-5_2-2015q4/bin/../lib/gcc/arm-none-eabi/5.2.1/armv6-m/crtend.o
LOAD /usr/local/gcc-arm-none-eabi-5_2-2015q4/bin/../lib/gcc/arm-none-eabi/5.2.1/armv6-m/crtn.o
START GROUP
LOAD /usr/local/gcc-arm-none-eabi-5_2-2015q4/bin/../lib/gcc/arm-none-eabi/5.2.1/armv6-m/libgcc.a
LOAD /usr/local/gcc-arm-none-eabi-5_2-2015q4/bin/../lib/gcc/arm-none-eabi/5.2.1/../../../../arm-none-eabi/lib/armv6-m/libc.a
LOAD /usr/local/gcc-arm-none-eabi-5_2-2015q4/bin/../lib/gcc/arm-none-eabi/5.2.1/../../../../arm-none-eabi/lib/armv6-m/libnosys.a
END GROUP

.tm_clone_table
                0x0000000020002118        0x0 load address 0x00000000000257c8
 .tm_clone_table
                0x0000000020002118        0x0 /usr/local/gcc-arm-none-eabi-5_2-2015q4/bin/../lib/gcc/arm-none-eabi/5.2.1/armv6-m/crtbegin.o
 .tm_clone_table
                0x0000000020002118        0x0 /usr/local/gcc-arm-none-eabi-5_2-2015q4/bin/../lib/gcc/arm-none-eabi/5.2.1/armv6-m/crtend.o

.igot.plt       0x0000000020002118        0x0 load address 0x00000000000257c8
 .igot.plt      0x0000000020002118        0x0 /usr/local/gcc-arm-none-eabi-5_2-2015q4/bin/../lib/gcc/arm-none-eabi/5.2.1/armv6-m/crtbegin.o

.fs_data        0x0000000020002118        0x0
                0x0000000020002118                PROVIDE (__start_fs_data, .)
 *(.fs_data)
                0x0000000020002118                PROVIDE (__stop_fs_data, .)

.bss            0x0000000020002118      0x844 load address 0x00000000000257c8
                0x0000000020002118                . = ALIGN (0x4)
                0x0000000020002118                __bss_start__ = .
 *(.bss*)
 .bss           0x0000000020002118       0x1c /usr/local/gcc-arm-none-eabi-5_2-2015q4/bin/../lib/gcc/arm-none-eabi/5.2.1/armv6-m/crtbegin.o
 .bss.mp_buttons
                0x0000000020002134        0x4 _build/app_button.o
 .bss.m_button_count
                0x0000000020002138        0x1 _build/app_button.o
 *fill*         0x0000000020002139        0x3 
 .bss.m_detection_delay
                0x000000002000213c        0x4 _build/app_button.o
 .bss.m_detection_delay_timer_id_data
                0x0000000020002140       0x20 _build/app_button.o
 .bss.m_pin_state
                0x0000000020002160        0x4 _build/app_button.o
 .bss.m_pin_transition
                0x0000000020002164        0x4 _build/app_button.o
 .bss.m_user_array_size
                0x0000000020002168        0x1 _build/app_timer.o
 *fill*         0x0000000020002169        0x3 
 .bss.mp_users  0x000000002000216c        0x4 _build/app_timer.o
 .bss.mp_timer_id_head
                0x0000000020002170        0x4 _build/app_timer.o
 .bss.m_ticks_latest
                0x0000000020002174        0x4 _build/app_timer.o
 .bss.m_ticks_elapsed
                0x0000000020002178        0x8 _build/app_timer.o
 .bss.m_ticks_elapsed_q_read_ind
                0x0000000020002180        0x1 _build/app_timer.o
 .bss.m_ticks_elapsed_q_write_ind
                0x0000000020002181        0x1 _build/app_timer.o
 *fill*         0x0000000020002182        0x2 
 .bss.m_evt_schedule_func
                0x0000000020002184        0x4 _build/app_timer.o
 .bss.m_rtc1_running
                0x0000000020002188        0x1 _build/app_timer.o
 .bss.m_rtc1_reset
                0x0000000020002189        0x1 _build/app_timer.o
 *fill*         0x000000002000218a        0x2 
 .bss.m_queue   0x000000002000218c       0x58 _build/fstorage.o
 .bss.m_cb      0x00000000200021e4       0x48 _build/nrf_drv_gpiote.o
 .bss.m_cb      0x000000002000222c       0x1c _build/nrf_drv_uart.o
 .bss.m_cmd_queue
                0x0000000020002248       0xcc _build/pstorage.o
 .bss.m_next_app_instance
                0x0000000020002314        0x2 _build/pstorage.o
 *fill*         0x0000000020002316        0x2 
 .bss.m_next_page_addr
                0x0000000020002318        0x4 _build/pstorage.o
 .bss.m_state   0x000000002000231c        0x1 _build/pstorage.o
 .bss.m_swap_sub_state
                0x000000002000231d        0x1 _build/pstorage.o
 *fill*         0x000000002000231e        0x2 
 .bss.m_head_word_size
                0x0000000020002320        0x4 _build/pstorage.o
 .bss.m_tail_word_size
                0x0000000020002324        0x4 _build/pstorage.o
 .bss.m_current_page_id
                0x0000000020002328        0x4 _build/pstorage.o
 .bss.m_num_of_command_retries
                0x000000002000232c        0x4 _build/pstorage.o
 .bss.m_app_table
                0x0000000020002330       0x18 _build/pstorage.o
 .bss.m_num_of_bytes_written
                0x0000000020002348        0x4 _build/pstorage.o
 .bss.m_app_data_size
                0x000000002000234c        0x4 _build/pstorage.o
 .bss.m_flags   0x0000000020002350        0x4 _build/pstorage.o
 .bss.m_cb      0x0000000020002354       0x14 _build/nrf_drv_adc.o
 .bss.m_stable_state
                0x0000000020002368        0x1 _build/bsp.o
 *fill*         0x0000000020002369        0x3 
 .bss.m_app_ticks_per_100ms
                0x000000002000236c        0x4 _build/bsp.o
 .bss.m_indication_type
                0x0000000020002370        0x4 _build/bsp.o
 .bss.m_alert_mask
                0x0000000020002374        0x4 _build/bsp.o
 .bss.m_leds_timer_id_data
                0x0000000020002378       0x20 _build/bsp.o
 .bss.m_alert_timer_id_data
                0x0000000020002398       0x20 _build/bsp.o
 .bss.m_registered_callback
                0x00000000200023b8        0x4 _build/bsp.o
 .bss.m_events_list
                0x00000000200023bc        0xc _build/bsp.o
 .bss.m_button_timer_id_data
                0x00000000200023c8       0x20 _build/bsp.o
 .bss.current_long_push_pin_no.6142
                0x00000000200023e8        0x1 _build/bsp.o
 *fill*         0x00000000200023e9        0x3 
 .bss.release_event_at_push.6143
                0x00000000200023ec        0x4 _build/bsp.o
 .bss.m_error_handler
                0x00000000200023f0        0x4 _build/bsp_btn_ble.o
 .bss.m_num_connections
                0x00000000200023f4        0x4 _build/bsp_btn_ble.o
 .bss.m_app_handle
                0x00000000200023f8        0x1 _build/main.o
 *fill*         0x00000000200023f9        0x3 
 .bss.m_adc_sampling_timer_id_data
                0x00000000200023fc       0x20 _build/main.o
 .bss.adc_buf   0x000000002000241c        0x6 _build/main.o
 *fill*         0x0000000020002422        0x2 
 .bss.APP_TIMER_BUF.8764
                0x0000000020002424      0x1c8 _build/main.o
 .bss.BLE_EVT_BUFFER.8834
                0x00000000200025ec       0x48 _build/main.o
 .bss.m_advertising_start_pending
                0x0000000020002634        0x1 _build/ble_advertising.o
 *fill*         0x0000000020002635        0x3 
 .bss.m_peer_address
                0x0000000020002638        0x7 _build/ble_advertising.o
 *fill*         0x000000002000263f        0x1 
 .bss.m_advdata
                0x0000000020002640       0x38 _build/ble_advertising.o
 .bss.m_adv_evt
                0x0000000020002678        0x1 _build/ble_advertising.o
 *fill*         0x0000000020002679        0x3 
 .bss.m_evt_handler
                0x000000002000267c        0x4 _build/ble_advertising.o
 .bss.m_error_handler
                0x0000000020002680        0x4 _build/ble_advertising.o
 .bss.m_adv_mode_current
                0x0000000020002684        0x1 _build/ble_advertising.o
 *fill*         0x0000000020002685        0x3 
 .bss.m_adv_modes_config
                0x0000000020002688       0x24 _build/ble_advertising.o
 .bss.m_whitelist
                0x00000000200026ac       0x10 _build/ble_advertising.o
 .bss.mp_whitelist_addr
                0x00000000200026bc       0x20 _build/ble_advertising.o
 .bss.mp_whitelist_irk
                0x00000000200026dc       0x20 _build/ble_advertising.o
 .bss.m_whitelist_temporarily_disabled
                0x00000000200026fc        0x1 _build/ble_advertising.o
 .bss.m_whitelist_reply_expected
                0x00000000200026fd        0x1 _build/ble_advertising.o
 .bss.m_peer_addr_reply_expected
                0x00000000200026fe        0x1 _build/ble_advertising.o
 *fill*         0x00000000200026ff        0x1 
 .bss.m_manuf_specific_data
                0x0000000020002700        0xc _build/ble_advertising.o
 .bss.m_manuf_data_array
                0x000000002000270c       0x1f _build/ble_advertising.o
 *fill*         0x000000002000272b        0x1 
 .bss.m_service_data
                0x000000002000272c        0xc _build/ble_advertising.o
 .bss.m_service_data_array
                0x0000000020002738       0x1f _build/ble_advertising.o
 *fill*         0x0000000020002757        0x1 
 .bss.m_slave_conn_int
                0x0000000020002758        0x4 _build/ble_advertising.o
 .bss.m_tx_power_level
                0x000000002000275c        0x1 _build/ble_advertising.o
 *fill*         0x000000002000275d        0x3 
 .bss.m_conn_params_config
                0x0000000020002760       0x1c _build/ble_conn_params.o
 .bss.m_preferred_conn_params
                0x000000002000277c        0x8 _build/ble_conn_params.o
 .bss.m_update_count
                0x0000000020002784        0x1 _build/ble_conn_params.o
 *fill*         0x0000000020002785        0x1 
 .bss.m_conn_handle
                0x0000000020002786        0x2 _build/ble_conn_params.o
 .bss.m_current_conn_params
                0x0000000020002788        0x8 _build/ble_conn_params.o
 .bss.m_conn_params_timer_id_data
                0x0000000020002790       0x20 _build/ble_conn_params.o
 .bss.m_change_param
                0x00000000200027b0        0x1 _build/ble_conn_params.o
 *fill*         0x00000000200027b1        0x3 
 .bss.m_app_context_table
                0x00000000200027b4       0x1c _build/device_manager_peripheral.o
 .bss.m_peer_table
                0x00000000200027d0       0xc4 _build/device_manager_peripheral.o
 .bss.m_bond_table
                0x0000000020002894       0x1c _build/device_manager_peripheral.o
 .bss.m_gatts_table
                0x00000000200028b0       0x24 _build/device_manager_peripheral.o
 .bss.m_connection_table
                0x00000000200028d4        0xc _build/device_manager_peripheral.o
 .bss.m_application_table
                0x00000000200028e0        0xc _build/device_manager_peripheral.o
 .bss.m_storage_handle
                0x00000000200028ec        0x8 _build/device_manager_peripheral.o
 .bss.m_peer_addr_update
                0x00000000200028f4        0x4 _build/device_manager_peripheral.o
 .bss.m_local_id_info
                0x00000000200028f8       0x17 _build/device_manager_peripheral.o
 .bss.m_module_initialized
                0x000000002000290f        0x1 _build/device_manager_peripheral.o
 .bss.m_irk_index_table
                0x0000000020002910        0x7 _build/device_manager_peripheral.o
 *fill*         0x0000000020002917        0x1 
 .bss.m_evt_schedule_func
                0x0000000020002918        0x4 _build/softdevice_handler.o
 .bss.m_softdevice_enabled
                0x000000002000291c        0x1 _build/softdevice_handler.o
 *fill*         0x000000002000291d        0x3 
 .bss.mp_ble_evt_buffer
                0x0000000020002920        0x4 _build/softdevice_handler.o
 .bss.m_ble_evt_buffer_size
                0x0000000020002924        0x2 _build/softdevice_handler.o
 *fill*         0x0000000020002926        0x2 
 .bss.m_ble_evt_handler
                0x0000000020002928        0x4 _build/softdevice_handler.o
 .bss.m_sys_evt_handler
                0x000000002000292c        0x4 _build/softdevice_handler.o
 *(COMMON)
 COMMON         0x0000000020002930       0x24 _build/main.o
                0x0000000020002930                m_footsensor_service
 COMMON         0x0000000020002954        0x8 _build/softdevice_handler.o
                0x0000000020002954                nrf_nvic_state
                0x000000002000295c                . = ALIGN (0x4)
                0x000000002000295c                __bss_end__ = .

.heap           0x0000000020002960      0x800
                0x0000000020002960                __end__ = .
                0x0000000020002960                PROVIDE (end, .)
 *(.heap*)
 .heap          0x0000000020002960      0x800 _build/gcc_startup_nrf51.o
                0x0000000020002960                __HeapBase
                0x0000000020003160                __HeapLimit = .

.stack_dummy    0x0000000020002960      0x800
 *(.stack*)
 .stack         0x0000000020002960      0x800 _build/gcc_startup_nrf51.o
                0x0000000020008000                __StackTop = (ORIGIN (RAM) + LENGTH (RAM))
                0x0000000020007800                __StackLimit = (__StackTop - SIZEOF (.stack_dummy))
                0x0000000020008000                PROVIDE (__stack, __StackTop)
                0x0000000000000001                ASSERT ((__StackLimit >= __HeapLimit), region RAM overflowed with stack)
OUTPUT(_build/nrf51422_xxac_s130.out elf32-littlearm)

.ARM.attributes
                0x0000000000000000       0x28
 .ARM.attributes
                0x0000000000000000       0x1e /usr/local/gcc-arm-none-eabi-5_2-2015q4/bin/../lib/gcc/arm-none-eabi/5.2.1/armv6-m/crti.o
 .ARM.attributes
                0x000000000000001e       0x2c /usr/local/gcc-arm-none-eabi-5_2-2015q4/bin/../lib/gcc/arm-none-eabi/5.2.1/armv6-m/crtbegin.o
 .ARM.attributes
                0x000000000000004a       0x1b /usr/local/gcc-arm-none-eabi-5_2-2015q4/bin/../lib/gcc/arm-none-eabi/5.2.1/../../../../arm-none-eabi/lib/armv6-m/crt0.o
 .ARM.attributes
                0x0000000000000065       0x2c /usr/local/gcc-arm-none-eabi-5_2-2015q4/bin/../lib/gcc/arm-none-eabi/5.2.1/../../../../arm-none-eabi/lib/armv6-m/libc_nano.a(lib_a-exit.o)
 .ARM.attributes
                0x0000000000000091       0x2c /usr/local/gcc-arm-none-eabi-5_2-2015q4/bin/../lib/gcc/arm-none-eabi/5.2.1/../../../../arm-none-eabi/lib/armv6-m/libc_nano.a(lib_a-impure.o)
 .ARM.attributes
                0x00000000000000bd       0x2c /usr/local/gcc-arm-none-eabi-5_2-2015q4/bin/../lib/gcc/arm-none-eabi/5.2.1/../../../../arm-none-eabi/lib/armv6-m/libc_nano.a(lib_a-init.o)
 .ARM.attributes
                0x00000000000000e9       0x2c /usr/local/gcc-arm-none-eabi-5_2-2015q4/bin/../lib/gcc/arm-none-eabi/5.2.1/../../../../arm-none-eabi/lib/armv6-m/libc_nano.a(lib_a-memset.o)
 .ARM.attributes
                0x0000000000000115       0x2c /usr/local/gcc-arm-none-eabi-5_2-2015q4/bin/../lib/gcc/arm-none-eabi/5.2.1/../../../../arm-none-eabi/lib/armv6-m/libnosys.a(_exit.o)
 .ARM.attributes
                0x0000000000000141       0x31 _build/app_button.o
 .ARM.attributes
                0x0000000000000172       0x31 _build/app_error.o
 .ARM.attributes
                0x00000000000001a3       0x31 _build/app_error_weak.o
 .ARM.attributes
                0x00000000000001d4       0x31 _build/app_timer.o
 .ARM.attributes
                0x0000000000000205       0x31 _build/fstorage.o
 .ARM.attributes
                0x0000000000000236       0x31 _build/nrf_drv_common.o
 .ARM.attributes
                0x0000000000000267       0x31 _build/nrf_drv_gpiote.o
 .ARM.attributes
                0x0000000000000298       0x31 _build/nrf_drv_uart.o
 .ARM.attributes
                0x00000000000002c9       0x31 _build/pstorage.o
 .ARM.attributes
                0x00000000000002fa       0x31 _build/nrf_drv_adc.o
 .ARM.attributes
                0x000000000000032b       0x31 _build/bsp.o
 .ARM.attributes
                0x000000000000035c       0x31 _build/bsp_btn_ble.o
 .ARM.attributes
                0x000000000000038d       0x31 _build/main.o
 .ARM.attributes
                0x00000000000003be       0x31 _build/footsensor_service.o
 .ARM.attributes
                0x00000000000003ef       0x31 _build/ble_advdata.o
 .ARM.attributes
                0x0000000000000420       0x31 _build/ble_advertising.o
 .ARM.attributes
                0x0000000000000451       0x31 _build/ble_conn_params.o
 .ARM.attributes
                0x0000000000000482       0x31 _build/device_manager_peripheral.o
 .ARM.attributes
                0x00000000000004b3       0x31 _build/system_nrf51.o
 .ARM.attributes
                0x00000000000004e4       0x31 _build/softdevice_handler.o
 .ARM.attributes
                0x0000000000000515       0x1b _build/gcc_startup_nrf51.o
 .ARM.attributes
                0x0000000000000530       0x1e /usr/local/gcc-arm-none-eabi-5_2-2015q4/bin/../lib/gcc/arm-none-eabi/5.2.1/armv6-m/libgcc.a(_udivsi3.o)
 .ARM.attributes
                0x000000000000054e       0x1e /usr/local/gcc-arm-none-eabi-5_2-2015q4/bin/../lib/gcc/arm-none-eabi/5.2.1/armv6-m/libgcc.a(_divsi3.o)
 .ARM.attributes
                0x000000000000056c       0x1e /usr/local/gcc-arm-none-eabi-5_2-2015q4/bin/../lib/gcc/arm-none-eabi/5.2.1/armv6-m/libgcc.a(_dvmd_tls.o)
 .ARM.attributes
                0x000000000000058a       0x2c /usr/local/gcc-arm-none-eabi-5_2-2015q4/bin/../lib/gcc/arm-none-eabi/5.2.1/../../../../arm-none-eabi/lib/armv6-m/libc_nano.a(lib_a-memcmp.o)
 .ARM.attributes
                0x00000000000005b6       0x2c /usr/local/gcc-arm-none-eabi-5_2-2015q4/bin/../lib/gcc/arm-none-eabi/5.2.1/../../../../arm-none-eabi/lib/armv6-m/libc_nano.a(lib_a-memcpy-stub.o)
 .ARM.attributes
                0x00000000000005e2       0x1c /usr/local/gcc-arm-none-eabi-5_2-2015q4/bin/../lib/gcc/arm-none-eabi/5.2.1/../../../../arm-none-eabi/lib/armv6-m/libc_nano.a(lib_a-strlen.o)
 .ARM.attributes
                0x00000000000005fe       0x2c /usr/local/gcc-arm-none-eabi-5_2-2015q4/bin/../lib/gcc/arm-none-eabi/5.2.1/../../../../arm-none-eabi/lib/armv6-m/libc_nano.a(lib_a-findfp.o)
 .ARM.attributes
                0x000000000000062a       0x2c /usr/local/gcc-arm-none-eabi-5_2-2015q4/bin/../lib/gcc/arm-none-eabi/5.2.1/armv6-m/crtend.o
 .ARM.attributes
                0x0000000000000656       0x1e /usr/local/gcc-arm-none-eabi-5_2-2015q4/bin/../lib/gcc/arm-none-eabi/5.2.1/armv6-m/crtn.o

.comment        0x0000000000000000       0x6e
 .comment       0x0000000000000000       0x6e _build/app_button.o
                                         0x6f (size before relaxing)
 .comment       0x000000000000006e       0x6f _build/app_error.o
 .comment       0x000000000000006e       0x6f _build/app_error_weak.o
 .comment       0x000000000000006e       0x6f _build/app_timer.o
 .comment       0x000000000000006e       0x6f _build/fstorage.o
 .comment       0x000000000000006e       0x6f _build/nrf_drv_common.o
 .comment       0x000000000000006e       0x6f _build/nrf_drv_gpiote.o
 .comment       0x000000000000006e       0x6f _build/nrf_drv_uart.o
 .comment       0x000000000000006e       0x6f _build/pstorage.o
 .comment       0x000000000000006e       0x6f _build/nrf_drv_adc.o
 .comment       0x000000000000006e       0x6f _build/bsp.o
 .comment       0x000000000000006e       0x6f _build/bsp_btn_ble.o
 .comment       0x000000000000006e       0x6f _build/main.o
 .comment       0x000000000000006e       0x6f _build/footsensor_service.o
 .comment       0x000000000000006e       0x6f _build/ble_advdata.o
 .comment       0x000000000000006e       0x6f _build/ble_advertising.o
 .comment       0x000000000000006e       0x6f _build/ble_conn_params.o
 .comment       0x000000000000006e       0x6f _build/device_manager_peripheral.o
 .comment       0x000000000000006e       0x6f _build/system_nrf51.o
 .comment       0x000000000000006e       0x6f _build/softdevice_handler.o

.debug_frame    0x0000000000000000     0x75b8
 .debug_frame   0x0000000000000000       0x28 /usr/local/gcc-arm-none-eabi-5_2-2015q4/bin/../lib/gcc/arm-none-eabi/5.2.1/../../../../arm-none-eabi/lib/armv6-m/libc_nano.a(lib_a-exit.o)
 .debug_frame   0x0000000000000028       0x2c /usr/local/gcc-arm-none-eabi-5_2-2015q4/bin/../lib/gcc/arm-none-eabi/5.2.1/../../../../arm-none-eabi/lib/armv6-m/libc_nano.a(lib_a-init.o)
 .debug_frame   0x0000000000000054       0x20 /usr/local/gcc-arm-none-eabi-5_2-2015q4/bin/../lib/gcc/arm-none-eabi/5.2.1/../../../../arm-none-eabi/lib/armv6-m/libc_nano.a(lib_a-memset.o)
 .debug_frame   0x0000000000000074       0x20 /usr/local/gcc-arm-none-eabi-5_2-2015q4/bin/../lib/gcc/arm-none-eabi/5.2.1/../../../../arm-none-eabi/lib/armv6-m/libnosys.a(_exit.o)
 .debug_frame   0x0000000000000094       0xd0 _build/app_button.o
 .debug_frame   0x0000000000000164       0x70 _build/app_error.o
 .debug_frame   0x00000000000001d4       0x4c _build/app_error_weak.o
 .debug_frame   0x0000000000000220      0x7bc _build/app_timer.o
 .debug_frame   0x00000000000009dc      0x4a8 _build/fstorage.o
 .debug_frame   0x0000000000000e84      0x334 _build/nrf_drv_common.o
 .debug_frame   0x00000000000011b8      0xa88 _build/nrf_drv_gpiote.o
 .debug_frame   0x0000000000001c40      0x924 _build/nrf_drv_uart.o
 .debug_frame   0x0000000000002564      0x9b4 _build/pstorage.o
 .debug_frame   0x0000000000002f18      0x554 _build/nrf_drv_adc.o
 .debug_frame   0x000000000000346c      0x1c8 _build/bsp.o
 .debug_frame   0x0000000000003634      0x500 _build/bsp_btn_ble.o
 .debug_frame   0x0000000000003b34      0xa20 _build/main.o
 .debug_frame   0x0000000000004554      0x580 _build/footsensor_service.o
 .debug_frame   0x0000000000004ad4      0x6a0 _build/ble_advdata.o
 .debug_frame   0x0000000000005174      0x83c _build/ble_advertising.o
 .debug_frame   0x00000000000059b0      0x5dc _build/ble_conn_params.o
 .debug_frame   0x0000000000005f8c      0xa80 _build/device_manager_peripheral.o
 .debug_frame   0x0000000000006a0c       0x9c _build/system_nrf51.o
 .debug_frame   0x0000000000006aa8      0x93c _build/softdevice_handler.o
 .debug_frame   0x00000000000073e4       0x20 /usr/local/gcc-arm-none-eabi-5_2-2015q4/bin/../lib/gcc/arm-none-eabi/5.2.1/armv6-m/libgcc.a(_udivsi3.o)
 .debug_frame   0x0000000000007404       0x20 /usr/local/gcc-arm-none-eabi-5_2-2015q4/bin/../lib/gcc/arm-none-eabi/5.2.1/armv6-m/libgcc.a(_divsi3.o)
 .debug_frame   0x0000000000007424       0x2c /usr/local/gcc-arm-none-eabi-5_2-2015q4/bin/../lib/gcc/arm-none-eabi/5.2.1/../../../../arm-none-eabi/lib/armv6-m/libc_nano.a(lib_a-memcmp.o)
 .debug_frame   0x0000000000007450       0x28 /usr/local/gcc-arm-none-eabi-5_2-2015q4/bin/../lib/gcc/arm-none-eabi/5.2.1/../../../../arm-none-eabi/lib/armv6-m/libc_nano.a(lib_a-memcpy-stub.o)
 .debug_frame   0x0000000000007478      0x140 /usr/local/gcc-arm-none-eabi-5_2-2015q4/bin/../lib/gcc/arm-none-eabi/5.2.1/../../../../arm-none-eabi/lib/armv6-m/libc_nano.a(lib_a-findfp.o)

.debug_info     0x0000000000000000    0x2bdb6
 .debug_info    0x0000000000000000      0x4a1 _build/app_button.o
 .debug_info    0x00000000000004a1      0x2e0 _build/app_error.o
 .debug_info    0x0000000000000781      0x1eb _build/app_error_weak.o
 .debug_info    0x000000000000096c     0x1f62 _build/app_timer.o
 .debug_info    0x00000000000028ce     0x1604 _build/fstorage.o
 .debug_info    0x0000000000003ed2      0xf39 _build/nrf_drv_common.o
 .debug_info    0x0000000000004e0b     0x209c _build/nrf_drv_gpiote.o
 .debug_info    0x0000000000006ea7     0x20b4 _build/nrf_drv_uart.o
 .debug_info    0x0000000000008f5b     0x1c9d _build/pstorage.o
 .debug_info    0x000000000000abf8     0x160b _build/nrf_drv_adc.o
 .debug_info    0x000000000000c203      0x9e6 _build/bsp.o
 .debug_info    0x000000000000cbe9     0x32fc _build/bsp_btn_ble.o
 .debug_info    0x000000000000fee5     0x5223 _build/main.o
 .debug_info    0x0000000000015108     0x367f _build/footsensor_service.o
 .debug_info    0x0000000000018787     0x2caf _build/ble_advdata.o
 .debug_info    0x000000000001b436     0x44a8 _build/ble_advertising.o
 .debug_info    0x000000000001f8de     0x35fa _build/ble_conn_params.o
 .debug_info    0x0000000000022ed8     0x490c _build/device_manager_peripheral.o
 .debug_info    0x00000000000277e4      0x1c2 _build/system_nrf51.o
 .debug_info    0x00000000000279a6     0x4410 _build/softdevice_handler.o

.debug_abbrev   0x0000000000000000     0x3541
 .debug_abbrev  0x0000000000000000      0x140 _build/app_button.o
 .debug_abbrev  0x0000000000000140      0x10c _build/app_error.o
 .debug_abbrev  0x000000000000024c      0x111 _build/app_error_weak.o
 .debug_abbrev  0x000000000000035d      0x402 _build/app_timer.o
 .debug_abbrev  0x000000000000075f      0x2f7 _build/fstorage.o
 .debug_abbrev  0x0000000000000a56      0x1d8 _build/nrf_drv_common.o
 .debug_abbrev  0x0000000000000c2e      0x369 _build/nrf_drv_gpiote.o
 .debug_abbrev  0x0000000000000f97      0x388 _build/nrf_drv_uart.o
 .debug_abbrev  0x000000000000131f      0x2f0 _build/pstorage.o
 .debug_abbrev  0x000000000000160f      0x363 _build/nrf_drv_adc.o
 .debug_abbrev  0x0000000000001972      0x25c _build/bsp.o
 .debug_abbrev  0x0000000000001bce      0x295 _build/bsp_btn_ble.o
 .debug_abbrev  0x0000000000001e63      0x38c _build/main.o
 .debug_abbrev  0x00000000000021ef      0x28e _build/footsensor_service.o
 .debug_abbrev  0x000000000000247d      0x26d _build/ble_advdata.o
 .debug_abbrev  0x00000000000026ea      0x340 _build/ble_advertising.o
 .debug_abbrev  0x0000000000002a2a      0x33a _build/ble_conn_params.o
 .debug_abbrev  0x0000000000002d64      0x326 _build/device_manager_peripheral.o
 .debug_abbrev  0x000000000000308a       0xf2 _build/system_nrf51.o
 .debug_abbrev  0x000000000000317c      0x3c5 _build/softdevice_handler.o

.debug_aranges  0x0000000000000000     0x2da8
 .debug_aranges
                0x0000000000000000       0x48 _build/app_button.o
 .debug_aranges
                0x0000000000000048       0x30 _build/app_error.o
 .debug_aranges
                0x0000000000000078       0x28 _build/app_error_weak.o
 .debug_aranges
                0x00000000000000a0      0x2b0 _build/app_timer.o
 .debug_aranges
                0x0000000000000350      0x1e8 _build/fstorage.o
 .debug_aranges
                0x0000000000000538      0x188 _build/nrf_drv_common.o
 .debug_aranges
                0x00000000000006c0      0x360 _build/nrf_drv_gpiote.o
 .debug_aranges
                0x0000000000000a20      0x310 _build/nrf_drv_uart.o
 .debug_aranges
                0x0000000000000d30      0x338 _build/pstorage.o
 .debug_aranges
                0x0000000000001068      0x218 _build/nrf_drv_adc.o
 .debug_aranges
                0x0000000000001280       0x88 _build/bsp.o
 .debug_aranges
                0x0000000000001308      0x260 _build/bsp_btn_ble.o
 .debug_aranges
                0x0000000000001568      0x460 _build/main.o
 .debug_aranges
                0x00000000000019c8      0x280 _build/footsensor_service.o
 .debug_aranges
                0x0000000000001c48      0x2c8 _build/ble_advdata.o
 .debug_aranges
                0x0000000000001f10      0x3d8 _build/ble_advertising.o
 .debug_aranges
                0x00000000000022e8      0x298 _build/ble_conn_params.o
 .debug_aranges
                0x0000000000002580      0x3c0 _build/device_manager_peripheral.o
 .debug_aranges
                0x0000000000002940       0x40 _build/system_nrf51.o
 .debug_aranges
                0x0000000000002980      0x428 _build/softdevice_handler.o

.debug_ranges   0x0000000000000000     0x2cc8
 .debug_ranges  0x0000000000000000       0x38 _build/app_button.o
 .debug_ranges  0x0000000000000038       0x20 _build/app_error.o
 .debug_ranges  0x0000000000000058       0x18 _build/app_error_weak.o
 .debug_ranges  0x0000000000000070      0x2a0 _build/app_timer.o
 .debug_ranges  0x0000000000000310      0x1d8 _build/fstorage.o
 .debug_ranges  0x00000000000004e8      0x178 _build/nrf_drv_common.o
 .debug_ranges  0x0000000000000660      0x350 _build/nrf_drv_gpiote.o
 .debug_ranges  0x00000000000009b0      0x300 _build/nrf_drv_uart.o
 .debug_ranges  0x0000000000000cb0      0x340 _build/pstorage.o
 .debug_ranges  0x0000000000000ff0      0x208 _build/nrf_drv_adc.o
 .debug_ranges  0x00000000000011f8       0x78 _build/bsp.o
 .debug_ranges  0x0000000000001270      0x250 _build/bsp_btn_ble.o
 .debug_ranges  0x00000000000014c0      0x450 _build/main.o
 .debug_ranges  0x0000000000001910      0x270 _build/footsensor_service.o
 .debug_ranges  0x0000000000001b80      0x2b8 _build/ble_advdata.o
 .debug_ranges  0x0000000000001e38      0x3f8 _build/ble_advertising.o
 .debug_ranges  0x0000000000002230      0x288 _build/ble_conn_params.o
 .debug_ranges  0x00000000000024b8      0x3b0 _build/device_manager_peripheral.o
 .debug_ranges  0x0000000000002868       0x30 _build/system_nrf51.o
 .debug_ranges  0x0000000000002898      0x430 _build/softdevice_handler.o

.debug_macro    0x0000000000000000     0xfda1
 .debug_macro   0x0000000000000000      0x2ef _build/app_button.o
 .debug_macro   0x00000000000002ef      0x844 _build/app_button.o
 .debug_macro   0x0000000000000b33       0x22 _build/app_button.o
 .debug_macro   0x0000000000000b55       0x44 _build/app_button.o
 .debug_macro   0x0000000000000b99       0xfd _build/app_button.o
 .debug_macro   0x0000000000000c96       0x22 _build/app_button.o
 .debug_macro   0x0000000000000cb8      0x1df _build/app_button.o
 .debug_macro   0x0000000000000e97       0x22 _build/app_button.o
 .debug_macro   0x0000000000000eb9       0x1c _build/app_button.o
 .debug_macro   0x0000000000000ed5       0x22 _build/app_button.o
 .debug_macro   0x0000000000000ef7       0x3a _build/app_button.o
 .debug_macro   0x0000000000000f31       0x26 _build/app_button.o
 .debug_macro   0x0000000000000f57      0x30d _build/app_button.o
 .debug_macro   0x0000000000001264      0x1d2 _build/app_button.o
 .debug_macro   0x0000000000001436     0x745a _build/app_button.o
 .debug_macro   0x0000000000008890      0x976 _build/app_button.o
 .debug_macro   0x0000000000009206       0x1c _build/app_button.o
 .debug_macro   0x0000000000009222       0x58 _build/app_button.o
 .debug_macro   0x000000000000927a       0x35 _build/app_button.o
 .debug_macro   0x00000000000092af       0x9c _build/app_button.o
 .debug_macro   0x000000000000934b       0x16 _build/app_button.o
 .debug_macro   0x0000000000009361       0x97 _build/app_button.o
 .debug_macro   0x00000000000093f8      0x34c _build/app_button.o
 .debug_macro   0x0000000000009744       0xf6 _build/app_button.o
 .debug_macro   0x000000000000983a       0x10 _build/app_button.o
 .debug_macro   0x000000000000984a       0x52 _build/app_button.o
 .debug_macro   0x000000000000989c       0x16 _build/app_button.o
 .debug_macro   0x00000000000098b2       0x43 _build/app_button.o
 .debug_macro   0x00000000000098f5      0x187 _build/app_button.o
 .debug_macro   0x0000000000009a7c       0x10 _build/app_button.o
 .debug_macro   0x0000000000009a8c       0x22 _build/app_button.o
 .debug_macro   0x0000000000009aae       0x3a _build/app_button.o
 .debug_macro   0x0000000000009ae8       0x10 _build/app_button.o
 .debug_macro   0x0000000000009af8       0x40 _build/app_button.o
 .debug_macro   0x0000000000009b38       0x65 _build/app_button.o
 .debug_macro   0x0000000000009b9d       0x16 _build/app_button.o
 .debug_macro   0x0000000000009bb3      0x197 _build/app_button.o
 .debug_macro   0x0000000000009d4a       0x9a _build/app_button.o
 .debug_macro   0x0000000000009de4       0x70 _build/app_button.o
 .debug_macro   0x0000000000009e54      0x11e _build/app_button.o
 .debug_macro   0x0000000000009f72       0x52 _build/app_button.o
 .debug_macro   0x0000000000009fc4       0x67 _build/app_button.o
 .debug_macro   0x000000000000a02b       0xfb _build/app_button.o
 .debug_macro   0x000000000000a126       0x2b _build/app_button.o
 .debug_macro   0x000000000000a151       0x10 _build/app_button.o
 .debug_macro   0x000000000000a161       0x1c _build/app_button.o
 .debug_macro   0x000000000000a17d       0x47 _build/app_button.o
 .debug_macro   0x000000000000a1c4       0x11 _build/app_button.o
 .debug_macro   0x000000000000a1d5      0x183 _build/app_button.o
 .debug_macro   0x000000000000a358       0x2e _build/app_button.o
 .debug_macro   0x000000000000a386       0x16 _build/app_button.o
 .debug_macro   0x000000000000a39c       0x35 _build/app_button.o
 .debug_macro   0x000000000000a3d1       0x22 _build/app_button.o
 .debug_macro   0x000000000000a3f3       0x37 _build/app_button.o
 .debug_macro   0x000000000000a42a      0x253 _build/app_error.o
 .debug_macro   0x000000000000a67d       0x34 _build/app_error.o
 .debug_macro   0x000000000000a6b1      0x24d _build/app_error_weak.o
 .debug_macro   0x000000000000a8fe      0x377 _build/app_timer.o
 .debug_macro   0x000000000000ac75       0x41 _build/app_timer.o
 .debug_macro   0x000000000000acb6       0x16 _build/app_timer.o
 .debug_macro   0x000000000000accc       0x16 _build/app_timer.o
 .debug_macro   0x000000000000ace2       0x29 _build/app_timer.o
 .debug_macro   0x000000000000ad0b       0x16 _build/app_timer.o
 .debug_macro   0x000000000000ad21       0x40 _build/app_timer.o
 .debug_macro   0x000000000000ad61       0x64 _build/app_timer.o
 .debug_macro   0x000000000000adc5       0x22 _build/app_timer.o
 .debug_macro   0x000000000000ade7       0x5b _build/app_timer.o
 .debug_macro   0x000000000000ae42       0x16 _build/app_timer.o
 .debug_macro   0x000000000000ae58      0x1d4 _build/fstorage.o
 .debug_macro   0x000000000000b02c       0x52 _build/fstorage.o
 .debug_macro   0x000000000000b07e       0x1c _build/fstorage.o
 .debug_macro   0x000000000000b09a       0x47 _build/fstorage.o
 .debug_macro   0x000000000000b0e1      0x16d _build/fstorage.o
 .debug_macro   0x000000000000b24e       0x10 _build/fstorage.o
 .debug_macro   0x000000000000b25e      0x2d0 _build/nrf_drv_common.o
 .debug_macro   0x000000000000b52e      0x320 _build/nrf_drv_gpiote.o
 .debug_macro   0x000000000000b84e       0x10 _build/nrf_drv_gpiote.o
 .debug_macro   0x000000000000b85e      0x31a _build/nrf_drv_uart.o
 .debug_macro   0x000000000000bb78      0x355 _build/pstorage.o
 .debug_macro   0x000000000000becd       0x46 _build/pstorage.o
 .debug_macro   0x000000000000bf13       0x1c _build/pstorage.o
 .debug_macro   0x000000000000bf2f      0x2e9 _build/nrf_drv_adc.o
 .debug_macro   0x000000000000c218       0x10 _build/nrf_drv_adc.o
 .debug_macro   0x000000000000c228      0x304 _build/bsp.o
 .debug_macro   0x000000000000c52c      0x35f _build/bsp_btn_ble.o
 .debug_macro   0x000000000000c88b       0xd6 _build/bsp_btn_ble.o
 .debug_macro   0x000000000000c961      0x1fb _build/bsp_btn_ble.o
 .debug_macro   0x000000000000cb5c      0x3f4 _build/bsp_btn_ble.o
 .debug_macro   0x000000000000cf50       0x3a _build/bsp_btn_ble.o
 .debug_macro   0x000000000000cf8a       0x22 _build/bsp_btn_ble.o
 .debug_macro   0x000000000000cfac      0x201 _build/bsp_btn_ble.o
 .debug_macro   0x000000000000d1ad       0x1c _build/bsp_btn_ble.o
 .debug_macro   0x000000000000d1c9       0xdb _build/bsp_btn_ble.o
 .debug_macro   0x000000000000d2a4       0x24 _build/bsp_btn_ble.o
 .debug_macro   0x000000000000d2c8      0x53c _build/main.o
 .debug_macro   0x000000000000d804      0x3fa _build/main.o
 .debug_macro   0x000000000000dbfe       0x40 _build/main.o
 .debug_macro   0x000000000000dc3e       0xa6 _build/main.o
 .debug_macro   0x000000000000dce4      0x2ca _build/main.o
 .debug_macro   0x000000000000dfae       0xbe _build/main.o
 .debug_macro   0x000000000000e06c       0x40 _build/main.o
 .debug_macro   0x000000000000e0ac       0x1c _build/main.o
 .debug_macro   0x000000000000e0c8       0x8e _build/main.o
 .debug_macro   0x000000000000e156       0x16 _build/main.o
 .debug_macro   0x000000000000e16c       0x10 _build/main.o
 .debug_macro   0x000000000000e17c      0x401 _build/main.o
 .debug_macro   0x000000000000e57d       0x22 _build/main.o
 .debug_macro   0x000000000000e59f       0x28 _build/main.o
 .debug_macro   0x000000000000e5c7       0x98 _build/main.o
 .debug_macro   0x000000000000e65f       0x4c _build/main.o
 .debug_macro   0x000000000000e6ab       0x1c _build/main.o
 .debug_macro   0x000000000000e6c7       0x22 _build/main.o
 .debug_macro   0x000000000000e6e9       0x2e _build/main.o
 .debug_macro   0x000000000000e717      0x320 _build/footsensor_service.o
 .debug_macro   0x000000000000ea37       0x28 _build/footsensor_service.o
 .debug_macro   0x000000000000ea5f      0x26a _build/ble_advdata.o
 .debug_macro   0x000000000000ecc9       0xb8 _build/ble_advdata.o
 .debug_macro   0x000000000000ed81      0x2b8 _build/ble_advertising.o
 .debug_macro   0x000000000000f039       0x46 _build/ble_advertising.o
 .debug_macro   0x000000000000f07f      0x332 _build/ble_conn_params.o
 .debug_macro   0x000000000000f3b1      0x4e5 _build/device_manager_peripheral.o
 .debug_macro   0x000000000000f896       0x16 _build/device_manager_peripheral.o
 .debug_macro   0x000000000000f8ac       0xd0 _build/system_nrf51.o
 .debug_macro   0x000000000000f97c      0x405 _build/softdevice_handler.o
 .debug_macro   0x000000000000fd81       0x10 _build/softdevice_handler.o
 .debug_macro   0x000000000000fd91       0x10 _build/softdevice_handler.o

.debug_line     0x0000000000000000    0x10da3
 .debug_line    0x0000000000000000      0x8a9 _build/app_button.o
 .debug_line    0x00000000000008a9      0x585 _build/app_error.o
 .debug_line    0x0000000000000e2e      0x572 _build/app_error_weak.o
 .debug_line    0x00000000000013a0      0xefb _build/app_timer.o
 .debug_line    0x000000000000229b      0xb2a _build/fstorage.o
 .debug_line    0x0000000000002dc5      0xa3d _build/nrf_drv_common.o
 .debug_line    0x0000000000003802     0x1149 _build/nrf_drv_gpiote.o
 .debug_line    0x000000000000494b     0x1004 _build/nrf_drv_uart.o
 .debug_line    0x000000000000594f     0x117e _build/pstorage.o
 .debug_line    0x0000000000006acd      0xcbf _build/nrf_drv_adc.o
 .debug_line    0x000000000000778c      0x923 _build/bsp.o
 .debug_line    0x00000000000080af      0xcbf _build/bsp_btn_ble.o
 .debug_line    0x0000000000008d6e     0x1817 _build/main.o
 .debug_line    0x000000000000a585      0xd34 _build/footsensor_service.o
 .debug_line    0x000000000000b2b9      0xe21 _build/ble_advdata.o
 .debug_line    0x000000000000c0da     0x1270 _build/ble_advertising.o
 .debug_line    0x000000000000d34a      0xcf9 _build/ble_conn_params.o
 .debug_line    0x000000000000e043     0x1738 _build/device_manager_peripheral.o
 .debug_line    0x000000000000f77b      0x3e2 _build/system_nrf51.o
 .debug_line    0x000000000000fb5d     0x1246 _build/softdevice_handler.o

.debug_str      0x0000000000000000    0x4c943
 .debug_str     0x0000000000000000    0x355b8 _build/app_button.o
                                      0x3588a (size before relaxing)
 .debug_str     0x00000000000355b8      0x13a _build/app_error.o
                                      0x34466 (size before relaxing)
 .debug_str     0x00000000000356f2       0xc5 _build/app_error_weak.o
                                      0x343bc (size before relaxing)
 .debug_str     0x00000000000357b7     0x2298 _build/app_timer.o
                                      0x36df7 (size before relaxing)
 .debug_str     0x0000000000037a4f      0xcc0 _build/fstorage.o
                                      0x33cb1 (size before relaxing)
 .debug_str     0x000000000003870f       0xb2 _build/nrf_drv_common.o
                                      0x36140 (size before relaxing)
 .debug_str     0x00000000000387c1      0xce4 _build/nrf_drv_gpiote.o
                                      0x37455 (size before relaxing)
 .debug_str     0x00000000000394a5      0xca9 _build/nrf_drv_uart.o
                                      0x371f7 (size before relaxing)
 .debug_str     0x000000000003a14e     0x11d4 _build/pstorage.o
                                      0x36b14 (size before relaxing)
 .debug_str     0x000000000003b322      0x5af _build/nrf_drv_adc.o
                                      0x3683e (size before relaxing)
 .debug_str     0x000000000003b8d1     0x198f _build/bsp.o
                                      0x3620a (size before relaxing)
 .debug_str     0x000000000003d260     0x63f9 _build/bsp_btn_ble.o
                                      0x3bc85 (size before relaxing)
 .debug_str     0x0000000000043659     0x6d34 _build/main.o
                                      0x44c15 (size before relaxing)
 .debug_str     0x000000000004a38d      0x197 _build/footsensor_service.o
                                      0x3bad3 (size before relaxing)
 .debug_str     0x000000000004a524      0x315 _build/ble_advdata.o
                                      0x3a2a8 (size before relaxing)
 .debug_str     0x000000000004a839      0x395 _build/ble_advertising.o
                                      0x3c0c6 (size before relaxing)
 .debug_str     0x000000000004abce      0x2c4 _build/ble_conn_params.o
                                      0x3c442 (size before relaxing)
 .debug_str     0x000000000004ae92     0x14bf _build/device_manager_peripheral.o
                                      0x3cc95 (size before relaxing)
 .debug_str     0x000000000004c351      0x14f _build/system_nrf51.o
                                      0x2f026 (size before relaxing)
 .debug_str     0x000000000004c4a0      0x4a3 _build/softdevice_handler.o
                                      0x3fff7 (size before relaxing)

.stabstr        0x0000000000000000       0xe3